<html>
<body>
<pre>
<h1>µVision Build Log</h1>
<h2>Tool Versions:</h2>
IDE-Version: ¦ÌVision V5.38.0.0
Copyright (C) 2022 ARM Ltd and ARM Germany GmbH. All rights reserved.
License Information: 1 G, 1, LIC=ZB4EI-TESY8-KPWZY-IPAIG-L02Q3-XZNMQ
 
Tool Versions:
Toolchain:       MDK-ARM Plus  Version: 5.38.0.0
Toolchain Path:  D:\Keil_c51\ARM\ARMCLANG\Bin
C Compiler:      ArmClang.exe V6.19
Assembler:       Armasm.exe V6.19
Linker/Locator:  ArmLink.exe V6.19
Library Manager: ArmAr.exe V6.19
Hex Converter:   FromElf.exe V6.19
CPU DLL:         SARMCM3.DLL V5.38.0.0
Dialog DLL:      DCM.DLL V1.17.5.0
Target DLL:      CMSIS_AGDI.dll V1.33.15.0
Dialog DLL:      TCM.DLL V1.56.4.0
 
<h2>Project:</h2>
D:\develop\arm_ota\01_init\Project\ota_init.uvprojx
Project File Date:  01/02/2025

<h2>Output:</h2>
*** Using Compiler 'V6.19', folder: 'D:\Keil_c51\ARM\ARMCLANG\Bin'
Rebuild target 'OTA'
compiling gd32f4xx_it.c...
compiling gd32f4xx_misc.c...
compiling usart.c...
compiling gd32f4xx_gpio.c...
compiling main.c...
compiling gd32f4xx_pmu.c...
compiling system_gd32f4xx.c...
compiling gd32f4xx_usart.c...
compiling gd32f4xx_dma.c...
compiling gd32f4xx_rcu.c...
assembling startup_gd32f407_427.s...
linking...
Program Size: Code=8952 RO-data=468 RW-data=0 ZI-data=5216  
FromELF: creating hex file...
"..\Obj\ota_init.axf" - 0 Error(s), 0 Warning(s).

<h2>Software Packages used:</h2>

Package Vendor: GigaDevice
                https://gd32mcu.com/data/documents/pack/GigaDevice.GD32F4xx_DFP.3.2.0.pack
                GigaDevice.GD32F4xx_DFP.3.2.0
                GigaDevice GD32F4xx Series Device Support and Examples

<h2>Collection of Component include folders:</h2>
  D:/Keil_c51/ARM/Packs/GigaDevice/GD32F4xx_DFP/3.2.0/Device/F4XX/Include

<h2>Collection of Component Files used:</h2>
Build Time Elapsed:  00:00:01
</pre>
</body>
</html>
