Component: Arm Compiler for Embedded 6.19 Tool: armlink [5e73cb00]

==============================================================================

Section Cross References

    system_gd32f4xx.o(.text.SystemInit) refers to system_gd32f4xx.o(.text.system_clock_config) for system_clock_config
    system_gd32f4xx.o(.ARM.exidx.text.SystemInit) refers to system_gd32f4xx.o(.text.SystemInit) for [Anonymous Symbol]
    system_gd32f4xx.o(.text.system_clock_config) refers to system_gd32f4xx.o(.text.system_clock_168m_8m_hxtal) for system_clock_168m_8m_hxtal
    system_gd32f4xx.o(.ARM.exidx.text.system_clock_config) refers to system_gd32f4xx.o(.text.system_clock_config) for [Anonymous Symbol]
    system_gd32f4xx.o(.text.SystemCoreClockUpdate) refers to system_gd32f4xx.o(.data.SystemCoreClock) for SystemCoreClock
    system_gd32f4xx.o(.ARM.exidx.text.SystemCoreClockUpdate) refers to system_gd32f4xx.o(.text.SystemCoreClockUpdate) for [Anonymous Symbol]
    system_gd32f4xx.o(.ARM.exidx.text.system_clock_168m_8m_hxtal) refers to system_gd32f4xx.o(.text.system_clock_168m_8m_hxtal) for [Anonymous Symbol]
    startup_gd32f407_427.o(RESET) refers to startup_gd32f407_427.o(STACK) for __initial_sp
    startup_gd32f407_427.o(RESET) refers to startup_gd32f407_427.o(.text) for Reset_Handler
    startup_gd32f407_427.o(RESET) refers to gd32f4xx_it.o(.text.NMI_Handler) for NMI_Handler
    startup_gd32f407_427.o(RESET) refers to gd32f4xx_it.o(.text.HardFault_Handler) for HardFault_Handler
    startup_gd32f407_427.o(RESET) refers to gd32f4xx_it.o(.text.MemManage_Handler) for MemManage_Handler
    startup_gd32f407_427.o(RESET) refers to gd32f4xx_it.o(.text.BusFault_Handler) for BusFault_Handler
    startup_gd32f407_427.o(RESET) refers to gd32f4xx_it.o(.text.UsageFault_Handler) for UsageFault_Handler
    startup_gd32f407_427.o(RESET) refers to gd32f4xx_it.o(.text.SVC_Handler) for SVC_Handler
    startup_gd32f407_427.o(RESET) refers to gd32f4xx_it.o(.text.DebugMon_Handler) for DebugMon_Handler
    startup_gd32f407_427.o(RESET) refers to gd32f4xx_it.o(.text.PendSV_Handler) for PendSV_Handler
    startup_gd32f407_427.o(RESET) refers to gd32f4xx_it.o(.text.SysTick_Handler) for SysTick_Handler
    startup_gd32f407_427.o(RESET) refers to gd32f4xx_it.o(.text.USART0_IRQHandler) for USART0_IRQHandler
    startup_gd32f407_427.o(.text) refers to system_gd32f4xx.o(.text.SystemInit) for SystemInit
    startup_gd32f407_427.o(.text) refers to entry.o(.ARM.Collect$$$$00000000) for __main
    gd32f4xx_gpio.o(.text.gpio_deinit) refers to gd32f4xx_rcu.o(.text.rcu_periph_reset_enable) for rcu_periph_reset_enable
    gd32f4xx_gpio.o(.text.gpio_deinit) refers to gd32f4xx_rcu.o(.text.rcu_periph_reset_disable) for rcu_periph_reset_disable
    gd32f4xx_gpio.o(.ARM.exidx.text.gpio_deinit) refers to gd32f4xx_gpio.o(.text.gpio_deinit) for [Anonymous Symbol]
    gd32f4xx_gpio.o(.ARM.exidx.text.gpio_mode_set) refers to gd32f4xx_gpio.o(.text.gpio_mode_set) for [Anonymous Symbol]
    gd32f4xx_gpio.o(.ARM.exidx.text.gpio_output_options_set) refers to gd32f4xx_gpio.o(.text.gpio_output_options_set) for [Anonymous Symbol]
    gd32f4xx_gpio.o(.ARM.exidx.text.gpio_bit_set) refers to gd32f4xx_gpio.o(.text.gpio_bit_set) for [Anonymous Symbol]
    gd32f4xx_gpio.o(.ARM.exidx.text.gpio_bit_reset) refers to gd32f4xx_gpio.o(.text.gpio_bit_reset) for [Anonymous Symbol]
    gd32f4xx_gpio.o(.ARM.exidx.text.gpio_bit_write) refers to gd32f4xx_gpio.o(.text.gpio_bit_write) for [Anonymous Symbol]
    gd32f4xx_gpio.o(.ARM.exidx.text.gpio_port_write) refers to gd32f4xx_gpio.o(.text.gpio_port_write) for [Anonymous Symbol]
    gd32f4xx_gpio.o(.ARM.exidx.text.gpio_input_bit_get) refers to gd32f4xx_gpio.o(.text.gpio_input_bit_get) for [Anonymous Symbol]
    gd32f4xx_gpio.o(.ARM.exidx.text.gpio_input_port_get) refers to gd32f4xx_gpio.o(.text.gpio_input_port_get) for [Anonymous Symbol]
    gd32f4xx_gpio.o(.ARM.exidx.text.gpio_output_bit_get) refers to gd32f4xx_gpio.o(.text.gpio_output_bit_get) for [Anonymous Symbol]
    gd32f4xx_gpio.o(.ARM.exidx.text.gpio_output_port_get) refers to gd32f4xx_gpio.o(.text.gpio_output_port_get) for [Anonymous Symbol]
    gd32f4xx_gpio.o(.ARM.exidx.text.gpio_af_set) refers to gd32f4xx_gpio.o(.text.gpio_af_set) for [Anonymous Symbol]
    gd32f4xx_gpio.o(.ARM.exidx.text.gpio_pin_lock) refers to gd32f4xx_gpio.o(.text.gpio_pin_lock) for [Anonymous Symbol]
    gd32f4xx_gpio.o(.ARM.exidx.text.gpio_bit_toggle) refers to gd32f4xx_gpio.o(.text.gpio_bit_toggle) for [Anonymous Symbol]
    gd32f4xx_gpio.o(.ARM.exidx.text.gpio_port_toggle) refers to gd32f4xx_gpio.o(.text.gpio_port_toggle) for [Anonymous Symbol]
    gd32f4xx_misc.o(.ARM.exidx.text.nvic_priority_group_set) refers to gd32f4xx_misc.o(.text.nvic_priority_group_set) for [Anonymous Symbol]
    gd32f4xx_misc.o(.text.nvic_irq_enable) refers to gd32f4xx_misc.o(.text.nvic_priority_group_set) for nvic_priority_group_set
[...]
    gd32f4xx_dma.o(.ARM.exidx.text.dma_channel_subperipheral_select) refers to gd32f4xx_dma.o(.text.dma_channel_subperipheral_select) for [Anonymous Symbol]
    gd32f4xx_dma.o(.ARM.exidx.text.dma_flow_controller_config) refers to gd32f4xx_dma.o(.text.dma_flow_controller_config) for [Anonymous Symbol]
    gd32f4xx_dma.o(.ARM.exidx.text.dma_switch_buffer_mode_enable) refers to gd32f4xx_dma.o(.text.dma_switch_buffer_mode_enable) for [Anonymous Symbol]
    gd32f4xx_dma.o(.ARM.exidx.text.dma_fifo_status_get) refers to gd32f4xx_dma.o(.text.dma_fifo_status_get) for [Anonymous Symbol]
    gd32f4xx_dma.o(.ARM.exidx.text.dma_flag_get) refers to gd32f4xx_dma.o(.text.dma_flag_get) for [Anonymous Symbol]
    gd32f4xx_dma.o(.ARM.exidx.text.dma_flag_clear) refers to gd32f4xx_dma.o(.text.dma_flag_clear) for [Anonymous Symbol]
    gd32f4xx_dma.o(.ARM.exidx.text.dma_interrupt_enable) refers to gd32f4xx_dma.o(.text.dma_interrupt_enable) for [Anonymous Symbol]
    gd32f4xx_dma.o(.ARM.exidx.text.dma_interrupt_disable) refers to gd32f4xx_dma.o(.text.dma_interrupt_disable) for [Anonymous Symbol]
    gd32f4xx_dma.o(.ARM.exidx.text.dma_interrupt_flag_get) refers to gd32f4xx_dma.o(.text.dma_interrupt_flag_get) for [Anonymous Symbol]
    gd32f4xx_dma.o(.ARM.exidx.text.dma_interrupt_flag_clear) refers to gd32f4xx_dma.o(.text.dma_interrupt_flag_clear) for [Anonymous Symbol]
    main.o(.text.main) refers to usart.o(.text.usart_init) for usart_init
    main.o(.text.main) refers to main.o(.rodata.str1.1) for .L.str
    main.o(.text.main) refers to usart.o(.text.u0_printf) for u0_printf
    main.o(.text.main) refers to usart.o(.bss.qp) for qp
    main.o(.ARM.exidx.text.main) refers to main.o(.text.main) for [Anonymous Symbol]
    gd32f4xx_it.o(.text.USART0_IRQHandler) refers to gd32f4xx_usart.o(.text.usart_interrupt_flag_get) for usart_interrupt_flag_get
    gd32f4xx_it.o(.text.USART0_IRQHandler) refers to gd32f4xx_usart.o(.text.usart_data_receive) for usart_data_receive
    gd32f4xx_it.o(.text.USART0_IRQHandler) refers to usart.o(.bss.qp) for qp
    gd32f4xx_it.o(.text.USART0_IRQHandler) refers to gd32f4xx_dma.o(.text.dma_transfer_number_get) for dma_transfer_number_get
    gd32f4xx_it.o(.text.USART0_IRQHandler) refers to gd32f4xx_it.o(.rodata.str1.1) for .L.str
    gd32f4xx_it.o(.text.USART0_IRQHandler) refers to usart.o(.text.u0_printf) for u0_printf
    gd32f4xx_it.o(.text.USART0_IRQHandler) refers to usart.o(.bss.rx_buff) for rx_buff
    gd32f4xx_it.o(.text.USART0_IRQHandler) refers to gd32f4xx_dma.o(.text.dma_channel_disable) for dma_channel_disable
    gd32f4xx_it.o(.text.USART0_IRQHandler) refers to gd32f4xx_dma.o(.text.dma_memory_address_config) for dma_memory_address_config
    gd32f4xx_it.o(.text.USART0_IRQHandler) refers to gd32f4xx_dma.o(.text.dma_transfer_number_config) for dma_transfer_number_config
    gd32f4xx_it.o(.text.USART0_IRQHandler) refers to gd32f4xx_dma.o(.text.dma_interrupt_flag_clear) for dma_interrupt_flag_clear
    gd32f4xx_it.o(.text.USART0_IRQHandler) refers to gd32f4xx_dma.o(.text.dma_channel_enable) for dma_channel_enable
    gd32f4xx_it.o(.ARM.exidx.text.USART0_IRQHandler) refers to gd32f4xx_it.o(.text.USART0_IRQHandler) for [Anonymous Symbol]
    gd32f4xx_it.o(.ARM.exidx.text.NMI_Handler) refers to gd32f4xx_it.o(.text.NMI_Handler) for [Anonymous Symbol]
    gd32f4xx_it.o(.ARM.exidx.text.HardFault_Handler) refers to gd32f4xx_it.o(.text.HardFault_Handler) for [Anonymous Symbol]
    gd32f4xx_it.o(.ARM.exidx.text.MemManage_Handler) refers to gd32f4xx_it.o(.text.MemManage_Handler) for [Anonymous Symbol]
    gd32f4xx_it.o(.ARM.exidx.text.BusFault_Handler) refers to gd32f4xx_it.o(.text.BusFault_Handler) for [Anonymous Symbol]
    gd32f4xx_it.o(.ARM.exidx.text.UsageFault_Handler) refers to gd32f4xx_it.o(.text.UsageFault_Handler) for [Anonymous Symbol]
    gd32f4xx_it.o(.ARM.exidx.text.SVC_Handler) refers to gd32f4xx_it.o(.text.SVC_Handler) for [Anonymous Symbol]
    gd32f4xx_it.o(.ARM.exidx.text.DebugMon_Handler) refers to gd32f4xx_it.o(.text.DebugMon_Handler) for [Anonymous Symbol]
    gd32f4xx_it.o(.ARM.exidx.text.PendSV_Handler) refers to gd32f4xx_it.o(.text.PendSV_Handler) for [Anonymous Symbol]
    gd32f4xx_it.o(.ARM.exidx.text.SysTick_Handler) refers to gd32f4xx_it.o(.text.SysTick_Handler) for [Anonymous Symbol]
    usart.o(.text.DMA_config) refers to gd32f4xx_rcu.o(.text.rcu_periph_clock_enable) for rcu_periph_clock_enable
    usart.o(.text.DMA_config) refers to gd32f4xx_dma.o(.text.dma_deinit) for dma_deinit
    usart.o(.text.DMA_config) refers to gd32f4xx_dma.o(.text.dma_single_data_para_struct_init) for dma_single_data_para_struct_init
    usart.o(.text.DMA_config) refers to usart.o(.bss.rx_buff) for rx_buff
    usart.o(.text.DMA_config) refers to gd32f4xx_dma.o(.text.dma_single_data_mode_init) for dma_single_data_mode_init
    usart.o(.text.DMA_config) refers to gd32f4xx_dma.o(.text.dma_channel_subperipheral_select) for dma_channel_subperipheral_select
    usart.o(.text.DMA_config) refers to gd32f4xx_dma.o(.text.dma_channel_enable) for dma_channel_enable
    usart.o(.text.DMA_config) refers to gd32f4xx_dma.o(.text.dma_interrupt_flag_clear) for dma_interrupt_flag_clear
    usart.o(.ARM.exidx.text.DMA_config) refers to usart.o(.text.DMA_config) for [Anonymous Symbol]
    usart.o(.text.QUEUE_POS_init) refers to usart.o(.bss.qp) for qp
    usart.o(.text.QUEUE_POS_init) refers to usart.o(.bss.rx_buff) for rx_buff
    usart.o(.ARM.exidx.text.QUEUE_POS_init) refers to usart.o(.text.QUEUE_POS_init) for [Anonymous Symbol]
    usart.o(.text.usart_init) refers to gd32f4xx_rcu.o(.text.rcu_periph_clock_enable) for rcu_periph_clock_enable
    usart.o(.text.usart_init) refers to gd32f4xx_gpio.o(.text.gpio_mode_set) for gpio_mode_set
    usart.o(.text.usart_init) refers to gd32f4xx_gpio.o(.text.gpio_output_options_set) for gpio_output_options_set
    usart.o(.text.usart_init) refers to gd32f4xx_gpio.o(.text.gpio_af_set) for gpio_af_set
    usart.o(.text.usart_init) refers to gd32f4xx_usart.o(.text.usart_deinit) for usart_deinit
    usart.o(.text.usart_init) refers to gd32f4xx_usart.o(.text.usart_baudrate_set) for usart_baudrate_set
    usart.o(.text.usart_init) refers to gd32f4xx_usart.o(.text.usart_parity_config) for usart_parity_config
    usart.o(.text.usart_init) refers to gd32f4xx_usart.o(.text.usart_word_length_set) for usart_word_length_set
    usart.o(.text.usart_init) refers to gd32f4xx_usart.o(.text.usart_stop_bit_set) for usart_stop_bit_set
    usart.o(.text.usart_init) refers to gd32f4xx_usart.o(.text.usart_transmit_config) for usart_transmit_config
    usart.o(.text.usart_init) refers to gd32f4xx_usart.o(.text.usart_receive_config) for usart_receive_config
    usart.o(.text.usart_init) refers to gd32f4xx_usart.o(.text.usart_interrupt_enable) for usart_interrupt_enable
    usart.o(.text.usart_init) refers to gd32f4xx_misc.o(.text.nvic_priority_group_set) for nvic_priority_group_set
    usart.o(.text.usart_init) refers to gd32f4xx_misc.o(.text.nvic_irq_enable) for nvic_irq_enable
    usart.o(.text.usart_init) refers to gd32f4xx_usart.o(.text.usart_dma_receive_config) for usart_dma_receive_config
    usart.o(.text.usart_init) refers to usart.o(.text.DMA_config) for DMA_config
    usart.o(.text.usart_init) refers to usart.o(.text.QUEUE_POS_init) for QUEUE_POS_init
    usart.o(.text.usart_init) refers to gd32f4xx_usart.o(.text.usart_enable) for usart_enable
    usart.o(.ARM.exidx.text.usart_init) refers to usart.o(.text.usart_init) for [Anonymous Symbol]
    usart.o(.text.usart_send_byte) refers to gd32f4xx_usart.o(.text.usart_data_transmit) for usart_data_transmit
    usart.o(.text.usart_send_byte) refers to gd32f4xx_usart.o(.text.usart_flag_get) for usart_flag_get
    usart.o(.ARM.exidx.text.usart_send_byte) refers to usart.o(.text.usart_send_byte) for [Anonymous Symbol]
    usart.o(.text.u0_printf) refers to usart.o(.bss.tx_buff) for tx_buff
    usart.o(.text.u0_printf) refers to printfa.o(i.__0vsprintf) for vsprintf
    usart.o(.text.u0_printf) refers to strlen.o(.text) for strlen
    usart.o(.text.u0_printf) refers to usart.o(.text.usart_send_byte) for usart_send_byte
    usart.o(.ARM.exidx.text.u0_printf) refers to usart.o(.text.u0_printf) for [Anonymous Symbol]
    entry.o(.ARM.Collect$$$$00000000) refers (Special) to entry10a.o(.ARM.Collect$$$$0000000D) for __rt_final_cpp
    entry.o(.ARM.Collect$$$$00000000) refers (Special) to entry11a.o(.ARM.Collect$$$$0000000F) for __rt_final_exit
    entry.o(.ARM.Collect$$$$00000000) refers (Special) to entry7b.o(.ARM.Collect$$$$00000008) for _main_clock
    entry.o(.ARM.Collect$$$$00000000) refers (Special) to entry8b.o(.ARM.Collect$$$$0000000A) for _main_cpp_init
    entry.o(.ARM.Collect$$$$00000000) refers (Special) to entry9a.o(.ARM.Collect$$$$0000000B) for _main_init
    entry.o(.ARM.Collect$$$$00000000) refers (Special) to entry5.o(.ARM.Collect$$$$00000004) for _main_scatterload
    entry.o(.ARM.Collect$$$$00000000) refers (Special) to entry2.o(.ARM.Collect$$$$00000001) for _main_stk
    printfa.o(i.__0fprintf) refers (Special) to iusefp.o(.text) for __I$use$fp
    printfa.o(i.__0fprintf) refers to printfa.o(i._printf_core) for _printf_core
    printfa.o(i.__0fprintf) refers to fputc.o(i.fputc) for fputc
    printfa.o(i.__0printf) refers (Special) to iusefp.o(.text) for __I$use$fp
    printfa.o(i.__0printf) refers to printfa.o(i._printf_core) for _printf_core
    printfa.o(i.__0printf) refers to fputc.o(i.fputc) for fputc
    printfa.o(i.__0printf) refers to stdout.o(.data) for __stdout
    printfa.o(i.__0snprintf) refers (Special) to iusefp.o(.text) for __I$use$fp
    printfa.o(i.__0snprintf) refers to printfa.o(i._printf_core) for _printf_core
    printfa.o(i.__0snprintf) refers to printfa.o(i._snputc) for _snputc
    printfa.o(i.__0sprintf) refers (Special) to iusefp.o(.text) for __I$use$fp
    printfa.o(i.__0sprintf) refers to printfa.o(i._printf_core) for _printf_core
    printfa.o(i.__0sprintf) refers to printfa.o(i._sputc) for _sputc
    printfa.o(i.__0vfprintf) refers (Special) to iusefp.o(.text) for __I$use$fp
    printfa.o(i.__0vfprintf) refers to printfa.o(i._printf_core) for _printf_core
    printfa.o(i.__0vfprintf) refers to fputc.o(i.fputc) for fputc
    printfa.o(i.__0vprintf) refers (Special) to iusefp.o(.text) for __I$use$fp
    printfa.o(i.__0vprintf) refers to printfa.o(i._printf_core) for _printf_core
    printfa.o(i.__0vprintf) refers to fputc.o(i.fputc) for fputc
    printfa.o(i.__0vprintf) refers to stdout.o(.data) for __stdout
    printfa.o(i.__0vsnprintf) refers (Special) to iusefp.o(.text) for __I$use$fp
    printfa.o(i.__0vsnprintf) refers to printfa.o(i._printf_core) for _printf_core
    printfa.o(i.__0vsnprintf) refers to printfa.o(i._snputc) for _snputc
    printfa.o(i.__0vsprintf) refers (Special) to iusefp.o(.text) for __I$use$fp
    printfa.o(i.__0vsprintf) refers to printfa.o(i._printf_core) for _printf_core
    printfa.o(i.__0vsprintf) refers to printfa.o(i._sputc) for _sputc
    printfa.o(i._fp_digits) refers (Special) to iusefp.o(.text) for __I$use$fp
    printfa.o(i._fp_digits) refers to dmul.o(.text) for __aeabi_dmul
    printfa.o(i._fp_digits) refers to ddiv.o(.text) for __aeabi_ddiv
    printfa.o(i._fp_digits) refers to cdrcmple.o(.text) for __aeabi_cdrcmple
    printfa.o(i._fp_digits) refers to dadd.o(.text) for __aeabi_dadd
    printfa.o(i._fp_digits) refers to dfixul.o(.text) for __aeabi_d2ulz
    printfa.o(i._fp_digits) refers to uldiv.o(.text) for __aeabi_uldivmod
    printfa.o(i._printf_core) refers (Special) to iusefp.o(.text) for __I$use$fp
    printfa.o(i._printf_core) refers to printfa.o(i._printf_pre_padding) for _printf_pre_padding
    printfa.o(i._printf_core) refers to uldiv.o(.text) for __aeabi_uldivmod
    printfa.o(i._printf_core) refers to printfa.o(i._printf_post_padding) for _printf_post_padding
    printfa.o(i._printf_core) refers to printfa.o(i._fp_digits) for _fp_digits
    printfa.o(i._printf_core) refers to uidiv.o(.text) for __aeabi_uidivmod
    printfa.o(i._printf_post_padding) refers (Special) to iusefp.o(.text) for __I$use$fp
    printfa.o(i._printf_pre_padding) refers (Special) to iusefp.o(.text) for __I$use$fp
    printfa.o(i._snputc) refers (Special) to iusefp.o(.text) for __I$use$fp
    printfa.o(i._sputc) refers (Special) to iusefp.o(.text) for __I$use$fp
    entry2.o(.ARM.Collect$$$$00000001) refers to entry2.o(.ARM.Collect$$$$00002712) for __lit__00000000
    entry2.o(.ARM.Collect$$$$00002712) refers to startup_gd32f407_427.o(STACK) for __initial_sp
    entry2.o(__vectab_stack_and_reset_area) refers to startup_gd32f407_427.o(STACK) for __initial_sp
    entry2.o(__vectab_stack_and_reset_area) refers to entry.o(.ARM.Collect$$$$00000000) for __main
    entry5.o(.ARM.Collect$$$$00000004) refers to init.o(.text) for __scatterload
    entry9a.o(.ARM.Collect$$$$0000000B) refers to main.o(.text.main) for main
    entry9b.o(.ARM.Collect$$$$0000000C) refers to main.o(.text.main) for main
    fputc.o(i.fputc) refers (Special) to iusesemip.o(.text) for __I$use$semihosting$fputc
    fputc.o(i.fputc) refers (Special) to semi.o(.text) for __semihosting_library_function
    fputc_h.o(i._fputc$hlt) refers (Special) to iusesemip.o(.text) for __I$use$semihosting$fputc
    fputc_h.o(i._fputc$hlt) refers (Special) to semi.o(.text) for __semihosting_library_function
    uldiv.o(.text) refers to llushr.o(.text) for __aeabi_llsr
    uldiv.o(.text) refers to llshl.o(.text) for __aeabi_llsl
    dadd.o(.text) refers (Special) to iusefp.o(.text) for __I$use$fp
    dadd.o(.text) refers to llshl.o(.text) for __aeabi_llsl
    dadd.o(.text) refers to llsshr.o(.text) for __aeabi_lasr
    dadd.o(.text) refers to depilogue.o(.text) for _double_epilogue
    dmul.o(.text) refers (Special) to iusefp.o(.text) for __I$use$fp
    dmul.o(.text) refers to depilogue.o(.text) for _double_epilogue
    ddiv.o(.text) refers (Special) to iusefp.o(.text) for __I$use$fp
    ddiv.o(.text) refers to depilogue.o(.text) for _double_round
    dfixul.o(.text) refers (Special) to iusefp.o(.text) for __I$use$fp
    dfixul.o(.text) refers to llushr.o(.text) for __aeabi_llsr
    dfixul.o(.text) refers to llshl.o(.text) for __aeabi_llsl
    cdrcmple.o(.text) refers (Special) to iusefp.o(.text) for __I$use$fp
    init.o(.text) refers to entry5.o(.ARM.Collect$$$$00000004) for __main_after_scatterload
    depilogue.o(.text) refers (Special) to iusefp.o(.text) for __I$use$fp
    depilogue.o(.text) refers to llshl.o(.text) for __aeabi_llsl
    depilogue.o(.text) refers to llushr.o(.text) for __aeabi_llsr


==============================================================================

Removing Unused input sections from the image.

    Removing system_gd32f4xx.o(.text), (0 bytes).
    Removing system_gd32f4xx.o(.ARM.exidx.text.SystemInit), (8 bytes).
    Removing system_gd32f4xx.o(.ARM.exidx.text.system_clock_config), (8 bytes).
    Removing system_gd32f4xx.o(.text.SystemCoreClockUpdate), (282 bytes).
    Removing system_gd32f4xx.o(.ARM.exidx.text.SystemCoreClockUpdate), (8 bytes).
    Removing system_gd32f4xx.o(.ARM.exidx.text.system_clock_168m_8m_hxtal), (8 bytes).
    Removing system_gd32f4xx.o(.data.SystemCoreClock), (4 bytes).
    Removing system_gd32f4xx.o(.rodata.cst16), (16 bytes).
    Removing startup_gd32f407_427.o(HEAP), (1024 bytes).
    Removing gd32f4xx_gpio.o(.text), (0 bytes).
    Removing gd32f4xx_gpio.o(.text.gpio_deinit), (318 bytes).
    Removing gd32f4xx_gpio.o(.ARM.exidx.text.gpio_deinit), (8 bytes).
    Removing gd32f4xx_gpio.o(.ARM.exidx.text.gpio_mode_set), (8 bytes).
    Removing gd32f4xx_gpio.o(.ARM.exidx.text.gpio_output_options_set), (8 bytes).
    Removing gd32f4xx_gpio.o(.text.gpio_bit_set), (16 bytes).
    Removing gd32f4xx_gpio.o(.ARM.exidx.text.gpio_bit_set), (8 bytes).
    Removing gd32f4xx_gpio.o(.text.gpio_bit_reset), (16 bytes).
    Removing gd32f4xx_gpio.o(.ARM.exidx.text.gpio_bit_reset), (8 bytes).
    Removing gd32f4xx_gpio.o(.text.gpio_bit_write), (38 bytes).
    Removing gd32f4xx_gpio.o(.ARM.exidx.text.gpio_bit_write), (8 bytes).
    Removing gd32f4xx_gpio.o(.text.gpio_port_write), (20 bytes).
    Removing gd32f4xx_gpio.o(.ARM.exidx.text.gpio_port_write), (8 bytes).
    Removing gd32f4xx_gpio.o(.text.gpio_input_bit_get), (42 bytes).
    Removing gd32f4xx_gpio.o(.ARM.exidx.text.gpio_input_bit_get), (8 bytes).
    Removing gd32f4xx_gpio.o(.text.gpio_input_port_get), (14 bytes).
    Removing gd32f4xx_gpio.o(.ARM.exidx.text.gpio_input_port_get), (8 bytes).
    Removing gd32f4xx_gpio.o(.text.gpio_output_bit_get), (42 bytes).
    Removing gd32f4xx_gpio.o(.ARM.exidx.text.gpio_output_bit_get), (8 bytes).
    Removing gd32f4xx_gpio.o(.text.gpio_output_port_get), (14 bytes).
    Removing gd32f4xx_gpio.o(.ARM.exidx.text.gpio_output_port_get), (8 bytes).
    Removing gd32f4xx_gpio.o(.ARM.exidx.text.gpio_af_set), (8 bytes).
    Removing gd32f4xx_gpio.o(.text.gpio_pin_lock), (54 bytes).
    Removing gd32f4xx_gpio.o(.ARM.exidx.text.gpio_pin_lock), (8 bytes).
    Removing gd32f4xx_gpio.o(.text.gpio_bit_toggle), (16 bytes).
    Removing gd32f4xx_gpio.o(.ARM.exidx.text.gpio_bit_toggle), (8 bytes).
    Removing gd32f4xx_gpio.o(.text.gpio_port_toggle), (16 bytes).
    Removing gd32f4xx_gpio.o(.ARM.exidx.text.gpio_port_toggle), (8 bytes).
    Removing gd32f4xx_misc.o(.text), (0 bytes).
    Removing gd32f4xx_misc.o(.ARM.exidx.text.nvic_priority_group_set), (8 bytes).
    Removing gd32f4xx_misc.o(.ARM.exidx.text.nvic_irq_enable), (8 bytes).
    Removing gd32f4xx_misc.o(.text.nvic_irq_disable), (40 bytes).
    Removing gd32f4xx_misc.o(.ARM.exidx.text.nvic_irq_disable), (8 bytes).
    Removing gd32f4xx_misc.o(.text.nvic_vector_table_set), (40 bytes).
    Removing gd32f4xx_misc.o(.ARM.exidx.text.nvic_vector_table_set), (8 bytes).
    Removing gd32f4xx_misc.o(.text.system_lowpower_set), (28 bytes).
    Removing gd32f4xx_misc.o(.ARM.exidx.text.system_lowpower_set), (8 bytes).
    Removing gd32f4xx_misc.o(.text.system_lowpower_reset), (28 bytes).
    Removing gd32f4xx_misc.o(.ARM.exidx.text.system_lowpower_reset), (8 bytes).
    Removing gd32f4xx_misc.o(.text.systick_clksource_set), (52 bytes).
    Removing gd32f4xx_misc.o(.ARM.exidx.text.systick_clksource_set), (8 bytes).
    Removing gd32f4xx_pmu.o(.text), (0 bytes).
    Removing gd32f4xx_pmu.o(.text.pmu_deinit), (24 bytes).
    Removing gd32f4xx_pmu.o(.ARM.exidx.text.pmu_deinit), (8 bytes).
    Removing gd32f4xx_pmu.o(.text.pmu_lvd_select), (48 bytes).
    Removing gd32f4xx_pmu.o(.ARM.exidx.text.pmu_lvd_select), (8 bytes).
    Removing gd32f4xx_pmu.o(.text.pmu_lvd_disable), (18 bytes).
    Removing gd32f4xx_pmu.o(.ARM.exidx.text.pmu_lvd_disable), (8 bytes).
    Removing gd32f4xx_pmu.o(.text.pmu_ldo_output_select), (32 bytes).
    Removing gd32f4xx_pmu.o(.ARM.exidx.text.pmu_ldo_output_select), (8 bytes).
    Removing gd32f4xx_pmu.o(.text.pmu_highdriver_mode_enable), (18 bytes).
    Removing gd32f4xx_pmu.o(.ARM.exidx.text.pmu_highdriver_mode_enable), (8 bytes).
    Removing gd32f4xx_pmu.o(.text.pmu_highdriver_mode_disable), (18 bytes).
    Removing gd32f4xx_pmu.o(.ARM.exidx.text.pmu_highdriver_mode_disable), (8 bytes).
    Removing gd32f4xx_pmu.o(.text.pmu_highdriver_switch_select), (52 bytes).
    Removing gd32f4xx_pmu.o(.ARM.exidx.text.pmu_highdriver_switch_select), (8 bytes).
    Removing gd32f4xx_pmu.o(.text.pmu_flag_get), (46 bytes).
    Removing gd32f4xx_pmu.o(.ARM.exidx.text.pmu_flag_get), (8 bytes).
    Removing gd32f4xx_pmu.o(.text.pmu_lowdriver_mode_enable), (18 bytes).
    Removing gd32f4xx_pmu.o(.ARM.exidx.text.pmu_lowdriver_mode_enable), (8 bytes).
    Removing gd32f4xx_pmu.o(.text.pmu_lowdriver_mode_disable), (18 bytes).
    Removing gd32f4xx_pmu.o(.ARM.exidx.text.pmu_lowdriver_mode_disable), (8 bytes).
    Removing gd32f4xx_pmu.o(.text.pmu_lowpower_driver_config), (32 bytes).
    Removing gd32f4xx_pmu.o(.ARM.exidx.text.pmu_lowpower_driver_config), (8 bytes).
    Removing gd32f4xx_pmu.o(.text.pmu_normalpower_driver_config), (32 bytes).
    Removing gd32f4xx_pmu.o(.ARM.exidx.text.pmu_normalpower_driver_config), (8 bytes).
    Removing gd32f4xx_pmu.o(.text.pmu_to_sleepmode), (42 bytes).
    Removing gd32f4xx_pmu.o(.ARM.exidx.text.pmu_to_sleepmode), (8 bytes).
    Removing gd32f4xx_pmu.o(.text.pmu_to_deepsleepmode), (336 bytes).
    Removing gd32f4xx_pmu.o(.ARM.exidx.text.pmu_to_deepsleepmode), (8 bytes).
    Removing gd32f4xx_pmu.o(.text.pmu_to_standbymode), (116 bytes).
    Removing gd32f4xx_pmu.o(.ARM.exidx.text.pmu_to_standbymode), (8 bytes).
    Removing gd32f4xx_pmu.o(.text.pmu_wakeup_pin_enable), (18 bytes).
    Removing gd32f4xx_pmu.o(.ARM.exidx.text.pmu_wakeup_pin_enable), (8 bytes).
    Removing gd32f4xx_pmu.o(.text.pmu_wakeup_pin_disable), (18 bytes).
    Removing gd32f4xx_pmu.o(.ARM.exidx.text.pmu_wakeup_pin_disable), (8 bytes).
    Removing gd32f4xx_pmu.o(.text.pmu_backup_ldo_config), (32 bytes).
    Removing gd32f4xx_pmu.o(.ARM.exidx.text.pmu_backup_ldo_config), (8 bytes).
    Removing gd32f4xx_pmu.o(.text.pmu_backup_write_enable), (18 bytes).
    Removing gd32f4xx_pmu.o(.ARM.exidx.text.pmu_backup_write_enable), (8 bytes).
    Removing gd32f4xx_pmu.o(.text.pmu_backup_write_disable), (18 bytes).
    Removing gd32f4xx_pmu.o(.ARM.exidx.text.pmu_backup_write_disable), (8 bytes).
    Removing gd32f4xx_pmu.o(.text.pmu_flag_clear), (62 bytes).
    Removing gd32f4xx_pmu.o(.ARM.exidx.text.pmu_flag_clear), (8 bytes).
    Removing gd32f4xx_pmu.o(.bss.pmu_to_deepsleepmode.reg_snap), (16 bytes).
    Removing gd32f4xx_rcu.o(.text), (0 bytes).
    Removing gd32f4xx_rcu.o(.text.rcu_deinit), (164 bytes).
    Removing gd32f4xx_rcu.o(.ARM.exidx.text.rcu_deinit), (8 bytes).
    Removing gd32f4xx_rcu.o(.text.rcu_osci_stab_wait), (754 bytes).
    Removing gd32f4xx_rcu.o(.ARM.exidx.text.rcu_osci_stab_wait), (8 bytes).
    Removing gd32f4xx_rcu.o(.ARM.exidx.text.rcu_periph_clock_enable), (8 bytes).
    Removing gd32f4xx_rcu.o(.text.rcu_periph_clock_disable), (40 bytes).
    Removing gd32f4xx_rcu.o(.ARM.exidx.text.rcu_periph_clock_disable), (8 bytes).
    Removing gd32f4xx_rcu.o(.text.rcu_periph_clock_sleep_enable), (40 bytes).
    Removing gd32f4xx_rcu.o(.ARM.exidx.text.rcu_periph_clock_sleep_enable), (8 bytes).
    Removing gd32f4xx_rcu.o(.text.rcu_periph_clock_sleep_disable), (40 bytes).
    Removing gd32f4xx_rcu.o(.ARM.exidx.text.rcu_periph_clock_sleep_disable), (8 bytes).
    Removing gd32f4xx_rcu.o(.ARM.exidx.text.rcu_periph_reset_enable), (8 bytes).
    Removing gd32f4xx_rcu.o(.ARM.exidx.text.rcu_periph_reset_disable), (8 bytes).
    Removing gd32f4xx_rcu.o(.text.rcu_bkp_reset_enable), (18 bytes).
    Removing gd32f4xx_rcu.o(.ARM.exidx.text.rcu_bkp_reset_enable), (8 bytes).
    Removing gd32f4xx_rcu.o(.text.rcu_bkp_reset_disable), (18 bytes).
    Removing gd32f4xx_rcu.o(.ARM.exidx.text.rcu_bkp_reset_disable), (8 bytes).
    Removing gd32f4xx_rcu.o(.text.rcu_system_clock_source_config), (36 bytes).
    Removing gd32f4xx_rcu.o(.ARM.exidx.text.rcu_system_clock_source_config), (8 bytes).
    Removing gd32f4xx_rcu.o(.text.rcu_system_clock_source_get), (16 bytes).
    Removing gd32f4xx_rcu.o(.ARM.exidx.text.rcu_system_clock_source_get), (8 bytes).
    Removing gd32f4xx_rcu.o(.text.rcu_ahb_clock_config), (36 bytes).
    Removing gd32f4xx_rcu.o(.ARM.exidx.text.rcu_ahb_clock_config), (8 bytes).
    Removing gd32f4xx_rcu.o(.text.rcu_apb1_clock_config), (36 bytes).
    Removing gd32f4xx_rcu.o(.ARM.exidx.text.rcu_apb1_clock_config), (8 bytes).
    Removing gd32f4xx_rcu.o(.text.rcu_apb2_clock_config), (36 bytes).
    Removing gd32f4xx_rcu.o(.ARM.exidx.text.rcu_apb2_clock_config), (8 bytes).
    Removing gd32f4xx_rcu.o(.text.rcu_ckout0_config), (42 bytes).
    Removing gd32f4xx_rcu.o(.ARM.exidx.text.rcu_ckout0_config), (8 bytes).
    Removing gd32f4xx_rcu.o(.text.rcu_ckout1_config), (42 bytes).
    Removing gd32f4xx_rcu.o(.ARM.exidx.text.rcu_ckout1_config), (8 bytes).
    Removing gd32f4xx_rcu.o(.text.rcu_pll_config), (228 bytes).
    Removing gd32f4xx_rcu.o(.ARM.exidx.text.rcu_pll_config), (8 bytes).
    Removing gd32f4xx_rcu.o(.text.rcu_plli2s_config), (86 bytes).
    Removing gd32f4xx_rcu.o(.ARM.exidx.text.rcu_plli2s_config), (8 bytes).
    Removing gd32f4xx_rcu.o(.text.rcu_pllsai_config), (136 bytes).
    Removing gd32f4xx_rcu.o(.ARM.exidx.text.rcu_pllsai_config), (8 bytes).
    Removing gd32f4xx_rcu.o(.text.rcu_rtc_clock_config), (36 bytes).
    Removing gd32f4xx_rcu.o(.ARM.exidx.text.rcu_rtc_clock_config), (8 bytes).
    Removing gd32f4xx_rcu.o(.text.rcu_rtc_div_config), (36 bytes).
    Removing gd32f4xx_rcu.o(.ARM.exidx.text.rcu_rtc_div_config), (8 bytes).
    Removing gd32f4xx_rcu.o(.text.rcu_i2s_clock_config), (36 bytes).
    Removing gd32f4xx_rcu.o(.ARM.exidx.text.rcu_i2s_clock_config), (8 bytes).
    Removing gd32f4xx_rcu.o(.text.rcu_ck48m_clock_config), (36 bytes).
    Removing gd32f4xx_rcu.o(.ARM.exidx.text.rcu_ck48m_clock_config), (8 bytes).
    Removing gd32f4xx_rcu.o(.text.rcu_pll48m_clock_config), (36 bytes).
    Removing gd32f4xx_rcu.o(.ARM.exidx.text.rcu_pll48m_clock_config), (8 bytes).
    Removing gd32f4xx_rcu.o(.text.rcu_timer_clock_prescaler_config), (56 bytes).
    Removing gd32f4xx_rcu.o(.ARM.exidx.text.rcu_timer_clock_prescaler_config), (8 bytes).
    Removing gd32f4xx_rcu.o(.text.rcu_tli_clock_div_config), (36 bytes).
    Removing gd32f4xx_rcu.o(.ARM.exidx.text.rcu_tli_clock_div_config), (8 bytes).
    Removing gd32f4xx_rcu.o(.text.rcu_lxtal_drive_capability_config), (36 bytes).
    Removing gd32f4xx_rcu.o(.ARM.exidx.text.rcu_lxtal_drive_capability_config), (8 bytes).
    Removing gd32f4xx_rcu.o(.text.rcu_flag_get), (62 bytes).
    Removing gd32f4xx_rcu.o(.ARM.exidx.text.rcu_flag_get), (8 bytes).
    Removing gd32f4xx_rcu.o(.text.rcu_osci_on), (40 bytes).
    Removing gd32f4xx_rcu.o(.ARM.exidx.text.rcu_osci_on), (8 bytes).
    Removing gd32f4xx_rcu.o(.text.rcu_osci_off), (40 bytes).
    Removing gd32f4xx_rcu.o(.ARM.exidx.text.rcu_osci_off), (8 bytes).
    Removing gd32f4xx_rcu.o(.text.rcu_osci_bypass_mode_enable), (152 bytes).
    Removing gd32f4xx_rcu.o(.ARM.exidx.text.rcu_osci_bypass_mode_enable), (8 bytes).
    Removing gd32f4xx_rcu.o(.text.rcu_osci_bypass_mode_disable), (152 bytes).
    Removing gd32f4xx_rcu.o(.ARM.exidx.text.rcu_osci_bypass_mode_disable), (8 bytes).
    Removing gd32f4xx_rcu.o(.text.rcu_irc16m_adjust_value_set), (42 bytes).
    Removing gd32f4xx_rcu.o(.ARM.exidx.text.rcu_irc16m_adjust_value_set), (8 bytes).
    Removing gd32f4xx_rcu.o(.text.rcu_spread_spectrum_config), (50 bytes).
    Removing gd32f4xx_rcu.o(.ARM.exidx.text.rcu_spread_spectrum_config), (8 bytes).
    Removing gd32f4xx_rcu.o(.text.rcu_spread_spectrum_enable), (18 bytes).
    Removing gd32f4xx_rcu.o(.ARM.exidx.text.rcu_spread_spectrum_enable), (8 bytes).
    Removing gd32f4xx_rcu.o(.text.rcu_spread_spectrum_disable), (18 bytes).
    Removing gd32f4xx_rcu.o(.ARM.exidx.text.rcu_spread_spectrum_disable), (8 bytes).
    Removing gd32f4xx_rcu.o(.text.rcu_hxtal_clock_monitor_enable), (18 bytes).
    Removing gd32f4xx_rcu.o(.ARM.exidx.text.rcu_hxtal_clock_monitor_enable), (8 bytes).
    Removing gd32f4xx_rcu.o(.text.rcu_hxtal_clock_monitor_disable), (18 bytes).
    Removing gd32f4xx_rcu.o(.ARM.exidx.text.rcu_hxtal_clock_monitor_disable), (8 bytes).
    Removing gd32f4xx_rcu.o(.text.rcu_voltage_key_unlock), (20 bytes).
    Removing gd32f4xx_rcu.o(.ARM.exidx.text.rcu_voltage_key_unlock), (8 bytes).
    Removing gd32f4xx_rcu.o(.text.rcu_deepsleep_voltage_set), (28 bytes).
    Removing gd32f4xx_rcu.o(.ARM.exidx.text.rcu_deepsleep_voltage_set), (8 bytes).
    Removing gd32f4xx_rcu.o(.ARM.exidx.text.rcu_clock_freq_get), (8 bytes).
    Removing gd32f4xx_rcu.o(.text.rcu_all_reset_flag_clear), (18 bytes).
    Removing gd32f4xx_rcu.o(.ARM.exidx.text.rcu_all_reset_flag_clear), (8 bytes).
    Removing gd32f4xx_rcu.o(.text.rcu_interrupt_flag_get), (62 bytes).
    Removing gd32f4xx_rcu.o(.ARM.exidx.text.rcu_interrupt_flag_get), (8 bytes).
    Removing gd32f4xx_rcu.o(.text.rcu_interrupt_flag_clear), (40 bytes).
    Removing gd32f4xx_rcu.o(.ARM.exidx.text.rcu_interrupt_flag_clear), (8 bytes).
    Removing gd32f4xx_rcu.o(.text.rcu_interrupt_enable), (40 bytes).
    Removing gd32f4xx_rcu.o(.ARM.exidx.text.rcu_interrupt_enable), (8 bytes).
    Removing gd32f4xx_rcu.o(.text.rcu_interrupt_disable), (40 bytes).
    Removing gd32f4xx_rcu.o(.ARM.exidx.text.rcu_interrupt_disable), (8 bytes).
    Removing gd32f4xx_rcu.o(.rodata.cst16), (16 bytes).
    Removing gd32f4xx_rcu.o(.rodata.cst8), (16 bytes).
    Removing gd32f4xx_usart.o(.text), (0 bytes).
    Removing gd32f4xx_usart.o(.ARM.exidx.text.usart_deinit), (8 bytes).
    Removing gd32f4xx_usart.o(.ARM.exidx.text.usart_baudrate_set), (8 bytes).
    Removing gd32f4xx_usart.o(.ARM.exidx.text.usart_parity_config), (8 bytes).
    Removing gd32f4xx_usart.o(.ARM.exidx.text.usart_word_length_set), (8 bytes).
    Removing gd32f4xx_usart.o(.ARM.exidx.text.usart_stop_bit_set), (8 bytes).
    Removing gd32f4xx_usart.o(.ARM.exidx.text.usart_enable), (8 bytes).
    Removing gd32f4xx_usart.o(.text.usart_disable), (18 bytes).
    Removing gd32f4xx_usart.o(.ARM.exidx.text.usart_disable), (8 bytes).
    Removing gd32f4xx_usart.o(.ARM.exidx.text.usart_transmit_config), (8 bytes).
    Removing gd32f4xx_usart.o(.ARM.exidx.text.usart_receive_config), (8 bytes).
    Removing gd32f4xx_usart.o(.text.usart_data_first_config), (46 bytes).
    Removing gd32f4xx_usart.o(.ARM.exidx.text.usart_data_first_config), (8 bytes).
    Removing gd32f4xx_usart.o(.text.usart_invert_config), (134 bytes).
    Removing gd32f4xx_usart.o(.ARM.exidx.text.usart_invert_config), (8 bytes).
    Removing gd32f4xx_usart.o(.text.usart_oversample_config), (30 bytes).
    Removing gd32f4xx_usart.o(.ARM.exidx.text.usart_oversample_config), (8 bytes).
    Removing gd32f4xx_usart.o(.text.usart_sample_bit_config), (30 bytes).
    Removing gd32f4xx_usart.o(.ARM.exidx.text.usart_sample_bit_config), (8 bytes).
    Removing gd32f4xx_usart.o(.text.usart_receiver_timeout_enable), (22 bytes).
    Removing gd32f4xx_usart.o(.ARM.exidx.text.usart_receiver_timeout_enable), (8 bytes).
    Removing gd32f4xx_usart.o(.text.usart_receiver_timeout_disable), (22 bytes).
    Removing gd32f4xx_usart.o(.ARM.exidx.text.usart_receiver_timeout_disable), (8 bytes).
    Removing gd32f4xx_usart.o(.text.usart_receiver_timeout_threshold_config), (38 bytes).
    Removing gd32f4xx_usart.o(.ARM.exidx.text.usart_receiver_timeout_threshold_config), (8 bytes).
    Removing gd32f4xx_usart.o(.ARM.exidx.text.usart_data_transmit), (8 bytes).
    Removing gd32f4xx_usart.o(.ARM.exidx.text.usart_data_receive), (8 bytes).
    Removing gd32f4xx_usart.o(.text.usart_address_config), (38 bytes).
    Removing gd32f4xx_usart.o(.ARM.exidx.text.usart_address_config), (8 bytes).
    Removing gd32f4xx_usart.o(.text.usart_mute_mode_enable), (18 bytes).
    Removing gd32f4xx_usart.o(.ARM.exidx.text.usart_mute_mode_enable), (8 bytes).
    Removing gd32f4xx_usart.o(.text.usart_mute_mode_disable), (18 bytes).
    Removing gd32f4xx_usart.o(.ARM.exidx.text.usart_mute_mode_disable), (8 bytes).
    Removing gd32f4xx_usart.o(.text.usart_mute_mode_wakeup_config), (30 bytes).
    Removing gd32f4xx_usart.o(.ARM.exidx.text.usart_mute_mode_wakeup_config), (8 bytes).
    Removing gd32f4xx_usart.o(.text.usart_lin_mode_enable), (18 bytes).
    Removing gd32f4xx_usart.o(.ARM.exidx.text.usart_lin_mode_enable), (8 bytes).
    Removing gd32f4xx_usart.o(.text.usart_lin_mode_disable), (18 bytes).
    Removing gd32f4xx_usart.o(.ARM.exidx.text.usart_lin_mode_disable), (8 bytes).
    Removing gd32f4xx_usart.o(.text.usart_lin_break_detection_length_config), (34 bytes).
    Removing gd32f4xx_usart.o(.ARM.exidx.text.usart_lin_break_detection_length_config), (8 bytes).
    Removing gd32f4xx_usart.o(.text.usart_send_break), (18 bytes).
    Removing gd32f4xx_usart.o(.ARM.exidx.text.usart_send_break), (8 bytes).
    Removing gd32f4xx_usart.o(.text.usart_halfduplex_enable), (18 bytes).
    Removing gd32f4xx_usart.o(.ARM.exidx.text.usart_halfduplex_enable), (8 bytes).
    Removing gd32f4xx_usart.o(.text.usart_halfduplex_disable), (18 bytes).
    Removing gd32f4xx_usart.o(.ARM.exidx.text.usart_halfduplex_disable), (8 bytes).
    Removing gd32f4xx_usart.o(.text.usart_synchronous_clock_enable), (18 bytes).
    Removing gd32f4xx_usart.o(.ARM.exidx.text.usart_synchronous_clock_enable), (8 bytes).
    Removing gd32f4xx_usart.o(.text.usart_synchronous_clock_disable), (18 bytes).
    Removing gd32f4xx_usart.o(.ARM.exidx.text.usart_synchronous_clock_disable), (8 bytes).
    Removing gd32f4xx_usart.o(.text.usart_synchronous_clock_config), (54 bytes).
    Removing gd32f4xx_usart.o(.ARM.exidx.text.usart_synchronous_clock_config), (8 bytes).
    Removing gd32f4xx_usart.o(.text.usart_guard_time_config), (36 bytes).
    Removing gd32f4xx_usart.o(.ARM.exidx.text.usart_guard_time_config), (8 bytes).
    Removing gd32f4xx_usart.o(.text.usart_smartcard_mode_enable), (18 bytes).
    Removing gd32f4xx_usart.o(.ARM.exidx.text.usart_smartcard_mode_enable), (8 bytes).
    Removing gd32f4xx_usart.o(.text.usart_smartcard_mode_disable), (18 bytes).
    Removing gd32f4xx_usart.o(.ARM.exidx.text.usart_smartcard_mode_disable), (8 bytes).
    Removing gd32f4xx_usart.o(.text.usart_smartcard_mode_nack_enable), (18 bytes).
    Removing gd32f4xx_usart.o(.ARM.exidx.text.usart_smartcard_mode_nack_enable), (8 bytes).
    Removing gd32f4xx_usart.o(.text.usart_smartcard_mode_nack_disable), (18 bytes).
    Removing gd32f4xx_usart.o(.ARM.exidx.text.usart_smartcard_mode_nack_disable), (8 bytes).
    Removing gd32f4xx_usart.o(.text.usart_smartcard_autoretry_config), (48 bytes).
    Removing gd32f4xx_usart.o(.ARM.exidx.text.usart_smartcard_autoretry_config), (8 bytes).
    Removing gd32f4xx_usart.o(.text.usart_block_length_config), (44 bytes).
    Removing gd32f4xx_usart.o(.ARM.exidx.text.usart_block_length_config), (8 bytes).
    Removing gd32f4xx_usart.o(.text.usart_irda_mode_enable), (18 bytes).
    Removing gd32f4xx_usart.o(.ARM.exidx.text.usart_irda_mode_enable), (8 bytes).
    Removing gd32f4xx_usart.o(.text.usart_irda_mode_disable), (18 bytes).
    Removing gd32f4xx_usart.o(.ARM.exidx.text.usart_irda_mode_disable), (8 bytes).
    Removing gd32f4xx_usart.o(.text.usart_prescaler_config), (34 bytes).
    Removing gd32f4xx_usart.o(.ARM.exidx.text.usart_prescaler_config), (8 bytes).
    Removing gd32f4xx_usart.o(.text.usart_irda_lowpower_config), (34 bytes).
    Removing gd32f4xx_usart.o(.ARM.exidx.text.usart_irda_lowpower_config), (8 bytes).
    Removing gd32f4xx_usart.o(.text.usart_hardware_flow_rts_config), (34 bytes).
    Removing gd32f4xx_usart.o(.ARM.exidx.text.usart_hardware_flow_rts_config), (8 bytes).
    Removing gd32f4xx_usart.o(.text.usart_hardware_flow_cts_config), (34 bytes).
    Removing gd32f4xx_usart.o(.ARM.exidx.text.usart_hardware_flow_cts_config), (8 bytes).
    Removing gd32f4xx_usart.o(.text.usart_break_frame_coherence_config), (42 bytes).
    Removing gd32f4xx_usart.o(.ARM.exidx.text.usart_break_frame_coherence_config), (8 bytes).
    Removing gd32f4xx_usart.o(.text.usart_parity_check_coherence_config), (42 bytes).
    Removing gd32f4xx_usart.o(.ARM.exidx.text.usart_parity_check_coherence_config), (8 bytes).
    Removing gd32f4xx_usart.o(.text.usart_hardware_flow_coherence_config), (42 bytes).
    Removing gd32f4xx_usart.o(.ARM.exidx.text.usart_hardware_flow_coherence_config), (8 bytes).
    Removing gd32f4xx_usart.o(.ARM.exidx.text.usart_dma_receive_config), (8 bytes).
    Removing gd32f4xx_usart.o(.text.usart_dma_transmit_config), (34 bytes).
    Removing gd32f4xx_usart.o(.ARM.exidx.text.usart_dma_transmit_config), (8 bytes).
    Removing gd32f4xx_usart.o(.ARM.exidx.text.usart_flag_get), (8 bytes).
    Removing gd32f4xx_usart.o(.text.usart_flag_clear), (74 bytes).
    Removing gd32f4xx_usart.o(.ARM.exidx.text.usart_flag_clear), (8 bytes).
    Removing gd32f4xx_usart.o(.ARM.exidx.text.usart_interrupt_enable), (8 bytes).
    Removing gd32f4xx_usart.o(.text.usart_interrupt_disable), (36 bytes).
    Removing gd32f4xx_usart.o(.ARM.exidx.text.usart_interrupt_disable), (8 bytes).
    Removing gd32f4xx_usart.o(.ARM.exidx.text.usart_interrupt_flag_get), (8 bytes).
    Removing gd32f4xx_usart.o(.text.usart_interrupt_flag_clear), (32 bytes).
    Removing gd32f4xx_usart.o(.ARM.exidx.text.usart_interrupt_flag_clear), (8 bytes).
    Removing gd32f4xx_dma.o(.text), (0 bytes).
    Removing gd32f4xx_dma.o(.ARM.exidx.text.dma_deinit), (8 bytes).
    Removing gd32f4xx_dma.o(.ARM.exidx.text.dma_single_data_para_struct_init), (8 bytes).
    Removing gd32f4xx_dma.o(.text.dma_multi_data_para_struct_init), (60 bytes).
    Removing gd32f4xx_dma.o(.ARM.exidx.text.dma_multi_data_para_struct_init), (8 bytes).
    Removing gd32f4xx_dma.o(.ARM.exidx.text.dma_single_data_mode_init), (8 bytes).
    Removing gd32f4xx_dma.o(.text.dma_multi_data_mode_init), (394 bytes).
    Removing gd32f4xx_dma.o(.ARM.exidx.text.dma_multi_data_mode_init), (8 bytes).
    Removing gd32f4xx_dma.o(.text.dma_periph_address_config), (32 bytes).
    Removing gd32f4xx_dma.o(.ARM.exidx.text.dma_periph_address_config), (8 bytes).
    Removing gd32f4xx_dma.o(.ARM.exidx.text.dma_memory_address_config), (8 bytes).
    Removing gd32f4xx_dma.o(.ARM.exidx.text.dma_transfer_number_config), (8 bytes).
    Removing gd32f4xx_dma.o(.ARM.exidx.text.dma_transfer_number_get), (8 bytes).
    Removing gd32f4xx_dma.o(.text.dma_priority_config), (66 bytes).
    Removing gd32f4xx_dma.o(.ARM.exidx.text.dma_priority_config), (8 bytes).
    Removing gd32f4xx_dma.o(.text.dma_memory_burst_beats_config), (66 bytes).
    Removing gd32f4xx_dma.o(.ARM.exidx.text.dma_memory_burst_beats_config), (8 bytes).
    Removing gd32f4xx_dma.o(.text.dma_periph_burst_beats_config), (66 bytes).
    Removing gd32f4xx_dma.o(.ARM.exidx.text.dma_periph_burst_beats_config), (8 bytes).
    Removing gd32f4xx_dma.o(.text.dma_memory_width_config), (66 bytes).
    Removing gd32f4xx_dma.o(.ARM.exidx.text.dma_memory_width_config), (8 bytes).
    Removing gd32f4xx_dma.o(.text.dma_periph_width_config), (66 bytes).
    Removing gd32f4xx_dma.o(.ARM.exidx.text.dma_periph_width_config), (8 bytes).
    Removing gd32f4xx_dma.o(.text.dma_memory_address_generation_config), (72 bytes).
    Removing gd32f4xx_dma.o(.ARM.exidx.text.dma_memory_address_generation_config), (8 bytes).
    Removing gd32f4xx_dma.o(.text.dma_peripheral_address_generation_config), (130 bytes).
    Removing gd32f4xx_dma.o(.ARM.exidx.text.dma_peripheral_address_generation_config), (8 bytes).
    Removing gd32f4xx_dma.o(.text.dma_circulation_enable), (34 bytes).
    Removing gd32f4xx_dma.o(.ARM.exidx.text.dma_circulation_enable), (8 bytes).
    Removing gd32f4xx_dma.o(.text.dma_circulation_disable), (34 bytes).
    Removing gd32f4xx_dma.o(.ARM.exidx.text.dma_circulation_disable), (8 bytes).
    Removing gd32f4xx_dma.o(.ARM.exidx.text.dma_channel_enable), (8 bytes).
    Removing gd32f4xx_dma.o(.ARM.exidx.text.dma_channel_disable), (8 bytes).
    Removing gd32f4xx_dma.o(.text.dma_transfer_direction_config), (70 bytes).
    Removing gd32f4xx_dma.o(.ARM.exidx.text.dma_transfer_direction_config), (8 bytes).
    Removing gd32f4xx_dma.o(.text.dma_switch_buffer_mode_config), (88 bytes).
    Removing gd32f4xx_dma.o(.ARM.exidx.text.dma_switch_buffer_mode_config), (8 bytes).
    Removing gd32f4xx_dma.o(.text.dma_using_memory_get), (50 bytes).
    Removing gd32f4xx_dma.o(.ARM.exidx.text.dma_using_memory_get), (8 bytes).
    Removing gd32f4xx_dma.o(.ARM.exidx.text.dma_channel_subperipheral_select), (8 bytes).
    Removing gd32f4xx_dma.o(.text.dma_flow_controller_config), (68 bytes).
    Removing gd32f4xx_dma.o(.ARM.exidx.text.dma_flow_controller_config), (8 bytes).
    Removing gd32f4xx_dma.o(.text.dma_switch_buffer_mode_enable), (74 bytes).
    Removing gd32f4xx_dma.o(.ARM.exidx.text.dma_switch_buffer_mode_enable), (8 bytes).
    Removing gd32f4xx_dma.o(.text.dma_fifo_status_get), (32 bytes).
    Removing gd32f4xx_dma.o(.ARM.exidx.text.dma_fifo_status_get), (8 bytes).
    Removing gd32f4xx_dma.o(.text.dma_flag_get), (134 bytes).
    Removing gd32f4xx_dma.o(.ARM.exidx.text.dma_flag_get), (8 bytes).
    Removing gd32f4xx_dma.o(.text.dma_flag_clear), (102 bytes).
    Removing gd32f4xx_dma.o(.ARM.exidx.text.dma_flag_clear), (8 bytes).
    Removing gd32f4xx_dma.o(.text.dma_interrupt_enable), (70 bytes).
    Removing gd32f4xx_dma.o(.ARM.exidx.text.dma_interrupt_enable), (8 bytes).
    Removing gd32f4xx_dma.o(.text.dma_interrupt_disable), (70 bytes).
    Removing gd32f4xx_dma.o(.ARM.exidx.text.dma_interrupt_disable), (8 bytes).
    Removing gd32f4xx_dma.o(.text.dma_interrupt_flag_get), (734 bytes).
    Removing gd32f4xx_dma.o(.ARM.exidx.text.dma_interrupt_flag_get), (8 bytes).
    Removing gd32f4xx_dma.o(.ARM.exidx.text.dma_interrupt_flag_clear), (8 bytes).
    Removing main.o(.text), (0 bytes).
    Removing main.o(.ARM.exidx.text.main), (8 bytes).
    Removing main.o(.ARM.use_no_argv), (4 bytes).
    Removing gd32f4xx_it.o(.text), (0 bytes).
    Removing gd32f4xx_it.o(.ARM.exidx.text.USART0_IRQHandler), (8 bytes).
    Removing gd32f4xx_it.o(.ARM.exidx.text.NMI_Handler), (8 bytes).
    Removing gd32f4xx_it.o(.ARM.exidx.text.HardFault_Handler), (8 bytes).
    Removing gd32f4xx_it.o(.ARM.exidx.text.MemManage_Handler), (8 bytes).
    Removing gd32f4xx_it.o(.ARM.exidx.text.BusFault_Handler), (8 bytes).
    Removing gd32f4xx_it.o(.ARM.exidx.text.UsageFault_Handler), (8 bytes).
    Removing gd32f4xx_it.o(.ARM.exidx.text.SVC_Handler), (8 bytes).
    Removing gd32f4xx_it.o(.ARM.exidx.text.DebugMon_Handler), (8 bytes).
    Removing gd32f4xx_it.o(.ARM.exidx.text.PendSV_Handler), (8 bytes).
    Removing gd32f4xx_it.o(.ARM.exidx.text.SysTick_Handler), (8 bytes).
    Removing usart.o(.text), (0 bytes).
    Removing usart.o(.ARM.exidx.text.DMA_config), (8 bytes).
    Removing usart.o(.ARM.exidx.text.QUEUE_POS_init), (8 bytes).
    Removing usart.o(.ARM.exidx.text.usart_init), (8 bytes).
    Removing usart.o(.ARM.exidx.text.usart_send_byte), (8 bytes).
    Removing usart.o(.ARM.exidx.text.u0_printf), (8 bytes).

361 unused section(s) (total 11616 bytes) removed from the image.

==============================================================================

Image Symbol Table

    Local Symbols

    Symbol Name                              Value     Ov Type        Size  Object(Section)

    ../CMSIS/Source/startup_gd32f407_427.s   0x00000000   Number         0  startup_gd32f407_427.o ABSOLUTE
    ../clib/division.s                       0x00000000   Number         0  aeabi_sdiv.o ABSOLUTE
    ../clib/microlib/division.c              0x00000000   Number         0  uidiv.o ABSOLUTE
    ../clib/microlib/division.c              0x00000000   Number         0  uldiv.o ABSOLUTE
    ../clib/microlib/init/entry.s            0x00000000   Number         0  entry.o ABSOLUTE
    ../clib/microlib/init/entry.s            0x00000000   Number         0  entry2.o ABSOLUTE
    ../clib/microlib/init/entry.s            0x00000000   Number         0  entry5.o ABSOLUTE
    ../clib/microlib/init/entry.s            0x00000000   Number         0  entry7a.o ABSOLUTE
    ../clib/microlib/init/entry.s            0x00000000   Number         0  entry7b.o ABSOLUTE
    ../clib/microlib/init/entry.s            0x00000000   Number         0  entry8a.o ABSOLUTE
    ../clib/microlib/init/entry.s            0x00000000   Number         0  entry8b.o ABSOLUTE
    ../clib/microlib/init/entry.s            0x00000000   Number         0  entry9a.o ABSOLUTE
    ../clib/microlib/init/entry.s            0x00000000   Number         0  entry9b.o ABSOLUTE
    ../clib/microlib/init/entry.s            0x00000000   Number         0  entry10a.o ABSOLUTE
    ../clib/microlib/init/entry.s            0x00000000   Number         0  entry10b.o ABSOLUTE
    ../clib/microlib/init/entry.s            0x00000000   Number         0  entry11a.o ABSOLUTE
    ../clib/microlib/init/entry.s            0x00000000   Number         0  entry11b.o ABSOLUTE
    ../clib/microlib/longlong.c              0x00000000   Number         0  llshl.o ABSOLUTE
    ../clib/microlib/longlong.c              0x00000000   Number         0  llushr.o ABSOLUTE
    ../clib/microlib/longlong.c              0x00000000   Number         0  llsshr.o ABSOLUTE
    ../clib/microlib/printf/printf.c         0x00000000   Number         0  printfa.o ABSOLUTE
    ../clib/microlib/stdio/fputc.c           0x00000000   Number         0  fputc.o ABSOLUTE
    ../clib/microlib/stdio/fputc.c           0x00000000   Number         0  fputc_h.o ABSOLUTE
    ../clib/microlib/stdio/semi.s            0x00000000   Number         0  semi.o ABSOLUTE
    ../clib/microlib/stdio/streams.c         0x00000000   Number         0  stdout.o ABSOLUTE
    ../clib/microlib/string/strlen.c         0x00000000   Number         0  strlen.o ABSOLUTE
    ../clib/microlib/stubs.s                 0x00000000   Number         0  iusefp.o ABSOLUTE
    ../clib/microlib/stubs.s                 0x00000000   Number         0  iusesemip.o ABSOLUTE
    ../fplib/microlib/fpadd.c                0x00000000   Number         0  dadd.o ABSOLUTE
    ../fplib/microlib/fpdiv.c                0x00000000   Number         0  ddiv.o ABSOLUTE
    ../fplib/microlib/fpepilogue.c           0x00000000   Number         0  depilogue.o ABSOLUTE
    ../fplib/microlib/fpfix.c                0x00000000   Number         0  dfixul.o ABSOLUTE
    ../fplib/microlib/fpmul.c                0x00000000   Number         0  dmul.o ABSOLUTE
    cdrcmple.s                               0x00000000   Number         0  cdrcmple.o ABSOLUTE
    dc.s                                     0x00000000   Number         0  dc.o ABSOLUTE
    gd32f4xx_dma.c                           0x00000000   Number         0  gd32f4xx_dma.o ABSOLUTE
    gd32f4xx_gpio.c                          0x00000000   Number         0  gd32f4xx_gpio.o ABSOLUTE
    gd32f4xx_it.c                            0x00000000   Number         0  gd32f4xx_it.o ABSOLUTE
    gd32f4xx_misc.c                          0x00000000   Number         0  gd32f4xx_misc.o ABSOLUTE
    gd32f4xx_pmu.c                           0x00000000   Number         0  gd32f4xx_pmu.o ABSOLUTE
    gd32f4xx_rcu.c                           0x00000000   Number         0  gd32f4xx_rcu.o ABSOLUTE
    gd32f4xx_usart.c                         0x00000000   Number         0  gd32f4xx_usart.o ABSOLUTE
    handlers.s                               0x00000000   Number         0  handlers.o ABSOLUTE
    init.s                                   0x00000000   Number         0  init.o ABSOLUTE
    main.c                                   0x00000000   Number         0  main.o ABSOLUTE
    system_gd32f4xx.c                        0x00000000   Number         0  system_gd32f4xx.o ABSOLUTE
    usart.c                                  0x00000000   Number         0  usart.o ABSOLUTE
    RESET                                    0x08000000   Section      392  startup_gd32f407_427.o(RESET)
    .ARM.Collect$$$$00000000                 0x08000188   Section        0  entry.o(.ARM.Collect$$$$00000000)
    .ARM.Collect$$$$00000001                 0x08000188   Section        4  entry2.o(.ARM.Collect$$$$00000001)
    .ARM.Collect$$$$00000004                 0x0800018c   Section        4  entry5.o(.ARM.Collect$$$$00000004)
    .ARM.Collect$$$$00000008                 0x08000190   Section        0  entry7b.o(.ARM.Collect$$$$00000008)
    .ARM.Collect$$$$0000000A                 0x08000190   Section        0  entry8b.o(.ARM.Collect$$$$0000000A)
    .ARM.Collect$$$$0000000B                 0x08000190   Section        8  entry9a.o(.ARM.Collect$$$$0000000B)
    __lit__00000000                          0x08000198   Data           4  entry2.o(.ARM.Collect$$$$00002712)
    .ARM.Collect$$$$0000000D                 0x08000198   Section        0  entry10a.o(.ARM.Collect$$$$0000000D)
    .ARM.Collect$$$$0000000F                 0x08000198   Section        0  entry11a.o(.ARM.Collect$$$$0000000F)
    .ARM.Collect$$$$00002712                 0x08000198   Section        4  entry2.o(.ARM.Collect$$$$00002712)
    $v0                                      0x0800019c   Number         0  startup_gd32f407_427.o(.text)
    .text                                    0x0800019c   Section       36  startup_gd32f407_427.o(.text)
    .text                                    0x080001c0   Section        0  strlen.o(.text)
    .text                                    0x080001ce   Section        0  uidiv.o(.text)
    .text                                    0x080001fa   Section        0  uldiv.o(.text)
    .text                                    0x0800025c   Section        0  iusefp.o(.text)
    .text                                    0x0800025c   Section        0  dadd.o(.text)
    .text                                    0x080003aa   Section        0  dmul.o(.text)
    .text                                    0x0800048e   Section        0  ddiv.o(.text)
    .text                                    0x0800056c   Section        0  dfixul.o(.text)
    .text                                    0x0800059c   Section       48  cdrcmple.o(.text)
    .text                                    0x080005cc   Section       36  init.o(.text)
    .text                                    0x080005f0   Section        0  llshl.o(.text)
    .text                                    0x0800060e   Section        0  llushr.o(.text)
    .text                                    0x0800062e   Section        0  llsshr.o(.text)
    .text                                    0x08000652   Section        0  depilogue.o(.text)
    [Anonymous Symbol]                       0x0800070c   Section        0  gd32f4xx_it.o(.text.BusFault_Handler)
    [Anonymous Symbol]                       0x08000710   Section        0  usart.o(.text.DMA_config)
    [Anonymous Symbol]                       0x0800078c   Section        0  gd32f4xx_it.o(.text.DebugMon_Handler)
    [Anonymous Symbol]                       0x08000790   Section        0  gd32f4xx_it.o(.text.HardFault_Handler)
    [Anonymous Symbol]                       0x08000794   Section        0  gd32f4xx_it.o(.text.MemManage_Handler)
    [Anonymous Symbol]                       0x08000798   Section        0  gd32f4xx_it.o(.text.NMI_Handler)
    [Anonymous Symbol]                       0x0800079c   Section        0  gd32f4xx_it.o(.text.PendSV_Handler)
    [Anonymous Symbol]                       0x080007a0   Section        0  usart.o(.text.QUEUE_POS_init)
    [Anonymous Symbol]                       0x080007c8   Section        0  gd32f4xx_it.o(.text.SVC_Handler)
    [Anonymous Symbol]                       0x080007cc   Section        0  gd32f4xx_it.o(.text.SysTick_Handler)
    [Anonymous Symbol]                       0x080007d0   Section        0  system_gd32f4xx.o(.text.SystemInit)
    [Anonymous Symbol]                       0x080008cc   Section        0  gd32f4xx_it.o(.text.USART0_IRQHandler)
    [Anonymous Symbol]                       0x08000a04   Section        0  gd32f4xx_it.o(.text.UsageFault_Handler)
    [Anonymous Symbol]                       0x08000a08   Section        0  gd32f4xx_dma.o(.text.dma_channel_disable)
    [Anonymous Symbol]                       0x08000a2c   Section        0  gd32f4xx_dma.o(.text.dma_channel_enable)
    [Anonymous Symbol]                       0x08000a50   Section        0  gd32f4xx_dma.o(.text.dma_channel_subperipheral_select)
    [Anonymous Symbol]                       0x08000a98   Section        0  gd32f4xx_dma.o(.text.dma_deinit)
    [Anonymous Symbol]                       0x08000b78   Section        0  gd32f4xx_dma.o(.text.dma_interrupt_flag_clear)
    [Anonymous Symbol]                       0x08000be0   Section        0  gd32f4xx_dma.o(.text.dma_memory_address_config)
    [Anonymous Symbol]                       0x08000c24   Section        0  gd32f4xx_dma.o(.text.dma_single_data_mode_init)
    [Anonymous Symbol]                       0x08000d98   Section        0  gd32f4xx_dma.o(.text.dma_single_data_para_struct_init)
    [Anonymous Symbol]                       0x08000dc8   Section        0  gd32f4xx_dma.o(.text.dma_transfer_number_config)
    [Anonymous Symbol]                       0x08000de8   Section        0  gd32f4xx_dma.o(.text.dma_transfer_number_get)
    [Anonymous Symbol]                       0x08000e04   Section        0  gd32f4xx_gpio.o(.text.gpio_af_set)
    [Anonymous Symbol]                       0x08000ed8   Section        0  gd32f4xx_gpio.o(.text.gpio_mode_set)
    [Anonymous Symbol]                       0x08000f74   Section        0  gd32f4xx_gpio.o(.text.gpio_output_options_set)
    [Anonymous Symbol]                       0x08001008   Section        0  main.o(.text.main)
    [Anonymous Symbol]                       0x08001114   Section        0  gd32f4xx_misc.o(.text.nvic_irq_enable)
    [Anonymous Symbol]                       0x08001240   Section        0  gd32f4xx_misc.o(.text.nvic_priority_group_set)
    [Anonymous Symbol]                       0x0800125c   Section        0  gd32f4xx_rcu.o(.text.rcu_clock_freq_get)
    [Anonymous Symbol]                       0x080013c0   Section        0  gd32f4xx_rcu.o(.text.rcu_periph_clock_enable)
    [Anonymous Symbol]                       0x080013e8   Section        0  gd32f4xx_rcu.o(.text.rcu_periph_reset_disable)
    [Anonymous Symbol]                       0x08001410   Section        0  gd32f4xx_rcu.o(.text.rcu_periph_reset_enable)
    system_clock_168m_8m_hxtal               0x08001439   Thumb Code   360  system_gd32f4xx.o(.text.system_clock_168m_8m_hxtal)
    [Anonymous Symbol]                       0x08001438   Section        0  system_gd32f4xx.o(.text.system_clock_168m_8m_hxtal)
    system_clock_config                      0x080015a1   Thumb Code     8  system_gd32f4xx.o(.text.system_clock_config)
    [Anonymous Symbol]                       0x080015a0   Section        0  system_gd32f4xx.o(.text.system_clock_config)
    [Anonymous Symbol]                       0x080015a8   Section        0  usart.o(.text.u0_printf)
    [Anonymous Symbol]                       0x08001618   Section        0  gd32f4xx_usart.o(.text.usart_baudrate_set)
    [Anonymous Symbol]                       0x08001770   Section        0  gd32f4xx_usart.o(.text.usart_data_receive)
    [Anonymous Symbol]                       0x08001780   Section        0  gd32f4xx_usart.o(.text.usart_data_transmit)
    [Anonymous Symbol]                       0x08001798   Section        0  gd32f4xx_usart.o(.text.usart_deinit)
    [Anonymous Symbol]                       0x080018b8   Section        0  gd32f4xx_usart.o(.text.usart_dma_receive_config)
    [Anonymous Symbol]                       0x080018dc   Section        0  gd32f4xx_usart.o(.text.usart_enable)
    [Anonymous Symbol]                       0x080018f0   Section        0  gd32f4xx_usart.o(.text.usart_flag_get)
    [Anonymous Symbol]                       0x0800192c   Section        0  usart.o(.text.usart_init)
    [Anonymous Symbol]                       0x08001a10   Section        0  gd32f4xx_usart.o(.text.usart_interrupt_enable)
    [Anonymous Symbol]                       0x08001a34   Section        0  gd32f4xx_usart.o(.text.usart_interrupt_flag_get)
    [Anonymous Symbol]                       0x08001a94   Section        0  gd32f4xx_usart.o(.text.usart_parity_config)
    [Anonymous Symbol]                       0x08001ab4   Section        0  gd32f4xx_usart.o(.text.usart_receive_config)
    [Anonymous Symbol]                       0x08001ae0   Section        0  usart.o(.text.usart_send_byte)
    [Anonymous Symbol]                       0x08001b14   Section        0  gd32f4xx_usart.o(.text.usart_stop_bit_set)
    [Anonymous Symbol]                       0x08001b34   Section        0  gd32f4xx_usart.o(.text.usart_transmit_config)
    [Anonymous Symbol]                       0x08001b60   Section        0  gd32f4xx_usart.o(.text.usart_word_length_set)
    i.__0vsprintf                            0x08001b80   Section        0  printfa.o(i.__0vsprintf)
    i.__scatterload_copy                     0x08001ba4   Section       14  handlers.o(i.__scatterload_copy)
    i.__scatterload_null                     0x08001bb2   Section        2  handlers.o(i.__scatterload_null)
    i.__scatterload_zeroinit                 0x08001bb4   Section       14  handlers.o(i.__scatterload_zeroinit)
    _fp_digits                               0x08001bc5   Thumb Code   366  printfa.o(i._fp_digits)
    i._fp_digits                             0x08001bc4   Section        0  printfa.o(i._fp_digits)
    _printf_core                             0x08001d49   Thumb Code  1744  printfa.o(i._printf_core)
    i._printf_core                           0x08001d48   Section        0  printfa.o(i._printf_core)
    _printf_post_padding                     0x08002425   Thumb Code    36  printfa.o(i._printf_post_padding)
    i._printf_post_padding                   0x08002424   Section        0  printfa.o(i._printf_post_padding)
    _printf_pre_padding                      0x08002449   Thumb Code    46  printfa.o(i._printf_pre_padding)
    i._printf_pre_padding                    0x08002448   Section        0  printfa.o(i._printf_pre_padding)
    _sputc                                   0x08002477   Thumb Code    10  printfa.o(i._sputc)
    i._sputc                                 0x08002476   Section        0  printfa.o(i._sputc)
    .L.str.2                                 0x08002480   Data           9  main.o(.rodata.str1.1)
    [Anonymous Symbol]                       0x08002480   Section        0  main.o(.rodata.str1.1)
    .L.str                                   0x08002489   Data           8  main.o(.rodata.str1.1)
    .L.str.1                                 0x08002491   Data          28  main.o(.rodata.str1.1)
    .L.str.4                                 0x080024ab   Data           2  main.o(.rodata.str1.1)
    .L.str.3                                 0x080024ad   Data           3  main.o(.rodata.str1.1)
    .L.str                                   0x080024b0   Data          12  gd32f4xx_it.o(.rodata.str1.1)
    [Anonymous Symbol]                       0x080024b0   Section        0  gd32f4xx_it.o(.rodata.str1.1)
    STACK                                    0x20001060   Section     1024  startup_gd32f407_427.o(STACK)

    Global Symbols

    Symbol Name                              Value     Ov Type        Size  Object(Section)

    BuildAttributes$$THM_ISAv4$E$P$D$K$B$S$7EM$VFPi3$EXTD16$VFPS$VFMA$PE$A:L22UL41UL21$X:L11$S22US41US21$IEEE1$IW$~IW$USESV6$~STKCKD$USESV7$~SHL$OSPACE$ROPI$EBA8$MICROLIB$REQ8$PRES8$EABIv2 0x00000000   Number         0  anon$$obj.o ABSOLUTE
    __cpp_initialize__aeabi_                  - Undefined Weak Reference
    __cxa_finalize                            - Undefined Weak Reference
    __decompress                              - Undefined Weak Reference
    _clock_init                               - Undefined Weak Reference
    _microlib_exit                            - Undefined Weak Reference
    __Vectors_Size                           0x00000188   Number         0  startup_gd32f407_427.o ABSOLUTE
    __Vectors                                0x08000000   Data           4  startup_gd32f407_427.o(RESET)
    __Vectors_End                            0x08000188   Data           0  startup_gd32f407_427.o(RESET)
    __main                                   0x08000189   Thumb Code     0  entry.o(.ARM.Collect$$$$00000000)
    _main_stk                                0x08000189   Thumb Code     0  entry2.o(.ARM.Collect$$$$00000001)
    _main_scatterload                        0x0800018d   Thumb Code     0  entry5.o(.ARM.Collect$$$$00000004)
    __main_after_scatterload                 0x08000191   Thumb Code     0  entry5.o(.ARM.Collect$$$$00000004)
    _main_clock                              0x08000191   Thumb Code     0  entry7b.o(.ARM.Collect$$$$00000008)
    _main_cpp_init                           0x08000191   Thumb Code     0  entry8b.o(.ARM.Collect$$$$0000000A)
    _main_init                               0x08000191   Thumb Code     0  entry9a.o(.ARM.Collect$$$$0000000B)
    __rt_final_cpp                           0x08000199   Thumb Code     0  entry10a.o(.ARM.Collect$$$$0000000D)
    __rt_final_exit                          0x08000199   Thumb Code     0  entry11a.o(.ARM.Collect$$$$0000000F)
    Reset_Handler                            0x0800019d   Thumb Code     8  startup_gd32f407_427.o(.text)
    ADC_IRQHandler                           0x080001b7   Thumb Code     0  startup_gd32f407_427.o(.text)
    CAN0_EWMC_IRQHandler                     0x080001b7   Thumb Code     0  startup_gd32f407_427.o(.text)
    CAN0_RX0_IRQHandler                      0x080001b7   Thumb Code     0  startup_gd32f407_427.o(.text)
    CAN0_RX1_IRQHandler                      0x080001b7   Thumb Code     0  startup_gd32f407_427.o(.text)
    CAN0_TX_IRQHandler                       0x080001b7   Thumb Code     0  startup_gd32f407_427.o(.text)
    CAN1_EWMC_IRQHandler                     0x080001b7   Thumb Code     0  startup_gd32f407_427.o(.text)
    CAN1_RX0_IRQHandler                      0x080001b7   Thumb Code     0  startup_gd32f407_427.o(.text)
    CAN1_RX1_IRQHandler                      0x080001b7   Thumb Code     0  startup_gd32f407_427.o(.text)
    CAN1_TX_IRQHandler                       0x080001b7   Thumb Code     0  startup_gd32f407_427.o(.text)
    DCI_IRQHandler                           0x080001b7   Thumb Code     0  startup_gd32f407_427.o(.text)
    DMA0_Channel0_IRQHandler                 0x080001b7   Thumb Code     0  startup_gd32f407_427.o(.text)
    DMA0_Channel1_IRQHandler                 0x080001b7   Thumb Code     0  startup_gd32f407_427.o(.text)
    DMA0_Channel2_IRQHandler                 0x080001b7   Thumb Code     0  startup_gd32f407_427.o(.text)
    DMA0_Channel3_IRQHandler                 0x080001b7   Thumb Code     0  startup_gd32f407_427.o(.text)
    DMA0_Channel4_IRQHandler                 0x080001b7   Thumb Code     0  startup_gd32f407_427.o(.text)
    DMA0_Channel5_IRQHandler                 0x080001b7   Thumb Code     0  startup_gd32f407_427.o(.text)
    DMA0_Channel6_IRQHandler                 0x080001b7   Thumb Code     0  startup_gd32f407_427.o(.text)
    DMA0_Channel7_IRQHandler                 0x080001b7   Thumb Code     0  startup_gd32f407_427.o(.text)
    DMA1_Channel0_IRQHandler                 0x080001b7   Thumb Code     0  startup_gd32f407_427.o(.text)
    DMA1_Channel1_IRQHandler                 0x080001b7   Thumb Code     0  startup_gd32f407_427.o(.text)
    DMA1_Channel2_IRQHandler                 0x080001b7   Thumb Code     0  startup_gd32f407_427.o(.text)
    DMA1_Channel3_IRQHandler                 0x080001b7   Thumb Code     0  startup_gd32f407_427.o(.text)
    DMA1_Channel4_IRQHandler                 0x080001b7   Thumb Code     0  startup_gd32f407_427.o(.text)
    DMA1_Channel5_IRQHandler                 0x080001b7   Thumb Code     0  startup_gd32f407_427.o(.text)
    DMA1_Channel6_IRQHandler                 0x080001b7   Thumb Code     0  startup_gd32f407_427.o(.text)
    DMA1_Channel7_IRQHandler                 0x080001b7   Thumb Code     0  startup_gd32f407_427.o(.text)
    ENET_IRQHandler                          0x080001b7   Thumb Code     0  startup_gd32f407_427.o(.text)
    ENET_WKUP_IRQHandler                     0x080001b7   Thumb Code     0  startup_gd32f407_427.o(.text)
    EXMC_IRQHandler                          0x080001b7   Thumb Code     0  startup_gd32f407_427.o(.text)
    EXTI0_IRQHandler                         0x080001b7   Thumb Code     0  startup_gd32f407_427.o(.text)
    EXTI10_15_IRQHandler                     0x080001b7   Thumb Code     0  startup_gd32f407_427.o(.text)
    EXTI1_IRQHandler                         0x080001b7   Thumb Code     0  startup_gd32f407_427.o(.text)
    EXTI2_IRQHandler                         0x080001b7   Thumb Code     0  startup_gd32f407_427.o(.text)
    EXTI3_IRQHandler                         0x080001b7   Thumb Code     0  startup_gd32f407_427.o(.text)
    EXTI4_IRQHandler                         0x080001b7   Thumb Code     0  startup_gd32f407_427.o(.text)
    EXTI5_9_IRQHandler                       0x080001b7   Thumb Code     0  startup_gd32f407_427.o(.text)
    FMC_IRQHandler                           0x080001b7   Thumb Code     0  startup_gd32f407_427.o(.text)
    FPU_IRQHandler                           0x080001b7   Thumb Code     0  startup_gd32f407_427.o(.text)
    I2C0_ER_IRQHandler                       0x080001b7   Thumb Code     0  startup_gd32f407_427.o(.text)
    I2C0_EV_IRQHandler                       0x080001b7   Thumb Code     0  startup_gd32f407_427.o(.text)
    I2C1_ER_IRQHandler                       0x080001b7   Thumb Code     0  startup_gd32f407_427.o(.text)
    I2C1_EV_IRQHandler                       0x080001b7   Thumb Code     0  startup_gd32f407_427.o(.text)
    I2C2_ER_IRQHandler                       0x080001b7   Thumb Code     0  startup_gd32f407_427.o(.text)
    I2C2_EV_IRQHandler                       0x080001b7   Thumb Code     0  startup_gd32f407_427.o(.text)
    LVD_IRQHandler                           0x080001b7   Thumb Code     0  startup_gd32f407_427.o(.text)
    RCU_CTC_IRQHandler                       0x080001b7   Thumb Code     0  startup_gd32f407_427.o(.text)
    RTC_Alarm_IRQHandler                     0x080001b7   Thumb Code     0  startup_gd32f407_427.o(.text)
    RTC_WKUP_IRQHandler                      0x080001b7   Thumb Code     0  startup_gd32f407_427.o(.text)
    SDIO_IRQHandler                          0x080001b7   Thumb Code     0  startup_gd32f407_427.o(.text)
    SPI0_IRQHandler                          0x080001b7   Thumb Code     0  startup_gd32f407_427.o(.text)
    SPI1_IRQHandler                          0x080001b7   Thumb Code     0  startup_gd32f407_427.o(.text)
    SPI2_IRQHandler                          0x080001b7   Thumb Code     0  startup_gd32f407_427.o(.text)
    TAMPER_STAMP_IRQHandler                  0x080001b7   Thumb Code     0  startup_gd32f407_427.o(.text)
    TIMER0_BRK_TIMER8_IRQHandler             0x080001b7   Thumb Code     0  startup_gd32f407_427.o(.text)
    TIMER0_Channel_IRQHandler                0x080001b7   Thumb Code     0  startup_gd32f407_427.o(.text)
    TIMER0_TRG_CMT_TIMER10_IRQHandler        0x080001b7   Thumb Code     0  startup_gd32f407_427.o(.text)
    TIMER0_UP_TIMER9_IRQHandler              0x080001b7   Thumb Code     0  startup_gd32f407_427.o(.text)
    TIMER1_IRQHandler                        0x080001b7   Thumb Code     0  startup_gd32f407_427.o(.text)
    TIMER2_IRQHandler                        0x080001b7   Thumb Code     0  startup_gd32f407_427.o(.text)
    TIMER3_IRQHandler                        0x080001b7   Thumb Code     0  startup_gd32f407_427.o(.text)
    TIMER4_IRQHandler                        0x080001b7   Thumb Code     0  startup_gd32f407_427.o(.text)
    TIMER5_DAC_IRQHandler                    0x080001b7   Thumb Code     0  startup_gd32f407_427.o(.text)
    TIMER6_IRQHandler                        0x080001b7   Thumb Code     0  startup_gd32f407_427.o(.text)
    TIMER7_BRK_TIMER11_IRQHandler            0x080001b7   Thumb Code     0  startup_gd32f407_427.o(.text)
    TIMER7_Channel_IRQHandler                0x080001b7   Thumb Code     0  startup_gd32f407_427.o(.text)
    TIMER7_TRG_CMT_TIMER13_IRQHandler        0x080001b7   Thumb Code     0  startup_gd32f407_427.o(.text)
    TIMER7_UP_TIMER12_IRQHandler             0x080001b7   Thumb Code     0  startup_gd32f407_427.o(.text)
    TRNG_IRQHandler                          0x080001b7   Thumb Code     0  startup_gd32f407_427.o(.text)
    UART3_IRQHandler                         0x080001b7   Thumb Code     0  startup_gd32f407_427.o(.text)
    UART4_IRQHandler                         0x080001b7   Thumb Code     0  startup_gd32f407_427.o(.text)
    USART1_IRQHandler                        0x080001b7   Thumb Code     0  startup_gd32f407_427.o(.text)
    USART2_IRQHandler                        0x080001b7   Thumb Code     0  startup_gd32f407_427.o(.text)
    USART5_IRQHandler                        0x080001b7   Thumb Code     0  startup_gd32f407_427.o(.text)
    USBFS_IRQHandler                         0x080001b7   Thumb Code     0  startup_gd32f407_427.o(.text)
    USBFS_WKUP_IRQHandler                    0x080001b7   Thumb Code     0  startup_gd32f407_427.o(.text)
    USBHS_EP1_In_IRQHandler                  0x080001b7   Thumb Code     0  startup_gd32f407_427.o(.text)
    USBHS_EP1_Out_IRQHandler                 0x080001b7   Thumb Code     0  startup_gd32f407_427.o(.text)
    USBHS_IRQHandler                         0x080001b7   Thumb Code     0  startup_gd32f407_427.o(.text)
    USBHS_WKUP_IRQHandler                    0x080001b7   Thumb Code     0  startup_gd32f407_427.o(.text)
    WWDGT_IRQHandler                         0x080001b7   Thumb Code     0  startup_gd32f407_427.o(.text)
    strlen                                   0x080001c1   Thumb Code    14  strlen.o(.text)
    __aeabi_uidiv                            0x080001cf   Thumb Code     0  uidiv.o(.text)
    __aeabi_uidivmod                         0x080001cf   Thumb Code    44  uidiv.o(.text)
    __aeabi_uldivmod                         0x080001fb   Thumb Code    98  uldiv.o(.text)
    __I$use$fp                               0x0800025d   Thumb Code     0  iusefp.o(.text)
    __aeabi_dadd                             0x0800025d   Thumb Code   322  dadd.o(.text)
    __aeabi_dsub                             0x0800039f   Thumb Code     6  dadd.o(.text)
    __aeabi_drsub                            0x080003a5   Thumb Code     6  dadd.o(.text)
    __aeabi_dmul                             0x080003ab   Thumb Code   228  dmul.o(.text)
    __aeabi_ddiv                             0x0800048f   Thumb Code   222  ddiv.o(.text)
    __aeabi_d2ulz                            0x0800056d   Thumb Code    48  dfixul.o(.text)
    __aeabi_cdrcmple                         0x0800059d   Thumb Code    48  cdrcmple.o(.text)
    __scatterload                            0x080005cd   Thumb Code    28  init.o(.text)
    __scatterload_rt2                        0x080005cd   Thumb Code     0  init.o(.text)
    __aeabi_llsl                             0x080005f1   Thumb Code    30  llshl.o(.text)
    _ll_shift_l                              0x080005f1   Thumb Code     0  llshl.o(.text)
    __aeabi_llsr                             0x0800060f   Thumb Code    32  llushr.o(.text)
    _ll_ushift_r                             0x0800060f   Thumb Code     0  llushr.o(.text)
    __aeabi_lasr                             0x0800062f   Thumb Code    36  llsshr.o(.text)
    _ll_sshift_r                             0x0800062f   Thumb Code     0  llsshr.o(.text)
    _double_round                            0x08000653   Thumb Code    30  depilogue.o(.text)
    _double_epilogue                         0x08000671   Thumb Code   156  depilogue.o(.text)
    BusFault_Handler                         0x0800070d   Thumb Code     4  gd32f4xx_it.o(.text.BusFault_Handler)
    DMA_config                               0x08000711   Thumb Code   124  usart.o(.text.DMA_config)
    DebugMon_Handler                         0x0800078d   Thumb Code     4  gd32f4xx_it.o(.text.DebugMon_Handler)
    HardFault_Handler                        0x08000791   Thumb Code     4  gd32f4xx_it.o(.text.HardFault_Handler)
    MemManage_Handler                        0x08000795   Thumb Code     4  gd32f4xx_it.o(.text.MemManage_Handler)
    NMI_Handler                              0x08000799   Thumb Code     4  gd32f4xx_it.o(.text.NMI_Handler)
    PendSV_Handler                           0x0800079d   Thumb Code     4  gd32f4xx_it.o(.text.PendSV_Handler)
    QUEUE_POS_init                           0x080007a1   Thumb Code    38  usart.o(.text.QUEUE_POS_init)
    SVC_Handler                              0x080007c9   Thumb Code     4  gd32f4xx_it.o(.text.SVC_Handler)
    SysTick_Handler                          0x080007cd   Thumb Code     2  gd32f4xx_it.o(.text.SysTick_Handler)
    SystemInit                               0x080007d1   Thumb Code   250  system_gd32f4xx.o(.text.SystemInit)
    USART0_IRQHandler                        0x080008cd   Thumb Code   312  gd32f4xx_it.o(.text.USART0_IRQHandler)
    UsageFault_Handler                       0x08000a05   Thumb Code     4  gd32f4xx_it.o(.text.UsageFault_Handler)
    dma_channel_disable                      0x08000a09   Thumb Code    34  gd32f4xx_dma.o(.text.dma_channel_disable)
    dma_channel_enable                       0x08000a2d   Thumb Code    34  gd32f4xx_dma.o(.text.dma_channel_enable)
    dma_channel_subperipheral_select         0x08000a51   Thumb Code    72  gd32f4xx_dma.o(.text.dma_channel_subperipheral_select)
    dma_deinit                               0x08000a99   Thumb Code   222  gd32f4xx_dma.o(.text.dma_deinit)
    dma_interrupt_flag_clear                 0x08000b79   Thumb Code   102  gd32f4xx_dma.o(.text.dma_interrupt_flag_clear)
    dma_memory_address_config                0x08000be1   Thumb Code    66  gd32f4xx_dma.o(.text.dma_memory_address_config)
    dma_single_data_mode_init                0x08000c25   Thumb Code   372  gd32f4xx_dma.o(.text.dma_single_data_mode_init)
    dma_single_data_para_struct_init         0x08000d99   Thumb Code    48  gd32f4xx_dma.o(.text.dma_single_data_para_struct_init)
    dma_transfer_number_config               0x08000dc9   Thumb Code    32  gd32f4xx_dma.o(.text.dma_transfer_number_config)
    dma_transfer_number_get                  0x08000de9   Thumb Code    28  gd32f4xx_dma.o(.text.dma_transfer_number_get)
    gpio_af_set                              0x08000e05   Thumb Code   212  gd32f4xx_gpio.o(.text.gpio_af_set)
    gpio_mode_set                            0x08000ed9   Thumb Code   156  gd32f4xx_gpio.o(.text.gpio_mode_set)
    gpio_output_options_set                  0x08000f75   Thumb Code   146  gd32f4xx_gpio.o(.text.gpio_output_options_set)
    main                                     0x08001009   Thumb Code   266  main.o(.text.main)
    nvic_irq_enable                          0x08001115   Thumb Code   298  gd32f4xx_misc.o(.text.nvic_irq_enable)
    nvic_priority_group_set                  0x08001241   Thumb Code    28  gd32f4xx_misc.o(.text.nvic_priority_group_set)
    rcu_clock_freq_get                       0x0800125d   Thumb Code   354  gd32f4xx_rcu.o(.text.rcu_clock_freq_get)
    rcu_periph_clock_enable                  0x080013c1   Thumb Code    40  gd32f4xx_rcu.o(.text.rcu_periph_clock_enable)
    rcu_periph_reset_disable                 0x080013e9   Thumb Code    40  gd32f4xx_rcu.o(.text.rcu_periph_reset_disable)
    rcu_periph_reset_enable                  0x08001411   Thumb Code    40  gd32f4xx_rcu.o(.text.rcu_periph_reset_enable)
    u0_printf                                0x080015a9   Thumb Code   112  usart.o(.text.u0_printf)
    usart_baudrate_set                       0x08001619   Thumb Code   344  gd32f4xx_usart.o(.text.usart_baudrate_set)
    usart_data_receive                       0x08001771   Thumb Code    16  gd32f4xx_usart.o(.text.usart_data_receive)
    usart_data_transmit                      0x08001781   Thumb Code    24  gd32f4xx_usart.o(.text.usart_data_transmit)
    usart_deinit                             0x08001799   Thumb Code   286  gd32f4xx_usart.o(.text.usart_deinit)
    usart_dma_receive_config                 0x080018b9   Thumb Code    34  gd32f4xx_usart.o(.text.usart_dma_receive_config)
    usart_enable                             0x080018dd   Thumb Code    18  gd32f4xx_usart.o(.text.usart_enable)
    usart_flag_get                           0x080018f1   Thumb Code    58  gd32f4xx_usart.o(.text.usart_flag_get)
    usart_init                               0x0800192d   Thumb Code   228  usart.o(.text.usart_init)
    usart_interrupt_enable                   0x08001a11   Thumb Code    36  gd32f4xx_usart.o(.text.usart_interrupt_enable)
    usart_interrupt_flag_get                 0x08001a35   Thumb Code    94  gd32f4xx_usart.o(.text.usart_interrupt_flag_get)
    usart_parity_config                      0x08001a95   Thumb Code    30  gd32f4xx_usart.o(.text.usart_parity_config)
    usart_receive_config                     0x08001ab5   Thumb Code    42  gd32f4xx_usart.o(.text.usart_receive_config)
    usart_send_byte                          0x08001ae1   Thumb Code    50  usart.o(.text.usart_send_byte)
    usart_stop_bit_set                       0x08001b15   Thumb Code    30  gd32f4xx_usart.o(.text.usart_stop_bit_set)
    usart_transmit_config                    0x08001b35   Thumb Code    42  gd32f4xx_usart.o(.text.usart_transmit_config)
    usart_word_length_set                    0x08001b61   Thumb Code    30  gd32f4xx_usart.o(.text.usart_word_length_set)
    __0vsprintf                              0x08001b81   Thumb Code    30  printfa.o(i.__0vsprintf)
    __1vsprintf                              0x08001b81   Thumb Code     0  printfa.o(i.__0vsprintf)
    __2vsprintf                              0x08001b81   Thumb Code     0  printfa.o(i.__0vsprintf)
    __c89vsprintf                            0x08001b81   Thumb Code     0  printfa.o(i.__0vsprintf)
    vsprintf                                 0x08001b81   Thumb Code     0  printfa.o(i.__0vsprintf)
    __scatterload_copy                       0x08001ba5   Thumb Code    14  handlers.o(i.__scatterload_copy)
    __scatterload_null                       0x08001bb3   Thumb Code     2  handlers.o(i.__scatterload_null)
    __scatterload_zeroinit                   0x08001bb5   Thumb Code    14  handlers.o(i.__scatterload_zeroinit)
    Region$$Table$$Base                      0x080024bc   Number         0  anon$$obj.o(Region$$Table)
    Region$$Table$$Limit                     0x080024cc   Number         0  anon$$obj.o(Region$$Table)
    qp                                       0x20000000   Data          96  usart.o(.bss.qp)
    rx_buff                                  0x20000060   Data        2048  usart.o(.bss.rx_buff)
    tx_buff                                  0x20000860   Data        2048  usart.o(.bss.tx_buff)
    __initial_sp                             0x20001460   Data           0  startup_gd32f407_427.o(STACK)



==============================================================================

Memory Map of the image

  Image Entry point : 0x08000189

  Load Region LR_IROM1 (Base: 0x08000000, Size: 0x000024cc, Max: 0x00080000, ABSOLUTE)

    Execution Region ER_IROM1 (Exec base: 0x08000000, Load base: 0x08000000, Size: 0x000024cc, Max: 0x00080000, ABSOLUTE)

    Exec Addr    Load Addr    Size         Type   Attr      Idx    E Section Name        Object

    0x08000000   0x08000000   0x00000188   Data   RO           20    RESET               startup_gd32f407_427.o
    0x08000188   0x08000188   0x00000000   Code   RO          486  * .ARM.Collect$$$$00000000  mc_w.l(entry.o)
    0x08000188   0x08000188   0x00000004   Code   RO          519    .ARM.Collect$$$$00000001  mc_w.l(entry2.o)
    0x0800018c   0x0800018c   0x00000004   Code   RO          522    .ARM.Collect$$$$00000004  mc_w.l(entry5.o)
    0x08000190   0x08000190   0x00000000   Code   RO          524    .ARM.Collect$$$$00000008  mc_w.l(entry7b.o)
    0x08000190   0x08000190   0x00000000   Code   RO          526    .ARM.Collect$$$$0000000A  mc_w.l(entry8b.o)
    0x08000190   0x08000190   0x00000008   Code   RO          527    .ARM.Collect$$$$0000000B  mc_w.l(entry9a.o)
    0x08000198   0x08000198   0x00000000   Code   RO          529    .ARM.Collect$$$$0000000D  mc_w.l(entry10a.o)
    0x08000198   0x08000198   0x00000000   Code   RO          531    .ARM.Collect$$$$0000000F  mc_w.l(entry11a.o)
    0x08000198   0x08000198   0x00000004   Code   RO          520    .ARM.Collect$$$$00002712  mc_w.l(entry2.o)
    0x0800019c   0x0800019c   0x00000024   Code   RO           21    .text               startup_gd32f407_427.o
    0x080001c0   0x080001c0   0x0000000e   Code   RO          489    .text               mc_w.l(strlen.o)
    0x080001ce   0x080001ce   0x0000002c   Code   RO          547    .text               mc_w.l(uidiv.o)
    0x080001fa   0x080001fa   0x00000062   Code   RO          549    .text               mc_w.l(uldiv.o)
    0x0800025c   0x0800025c   0x00000000   Code   RO          551    .text               mc_w.l(iusefp.o)
    0x0800025c   0x0800025c   0x0000014e   Code   RO          552    .text               mf_w.l(dadd.o)
    0x080003aa   0x080003aa   0x000000e4   Code   RO          554    .text               mf_w.l(dmul.o)
    0x0800048e   0x0800048e   0x000000de   Code   RO          556    .text               mf_w.l(ddiv.o)
    0x0800056c   0x0800056c   0x00000030   Code   RO          558    .text               mf_w.l(dfixul.o)
    0x0800059c   0x0800059c   0x00000030   Code   RO          560    .text               mf_w.l(cdrcmple.o)
    0x080005cc   0x080005cc   0x00000024   Code   RO          562    .text               mc_w.l(init.o)
    0x080005f0   0x080005f0   0x0000001e   Code   RO          565    .text               mc_w.l(llshl.o)
    0x0800060e   0x0800060e   0x00000020   Code   RO          567    .text               mc_w.l(llushr.o)
    0x0800062e   0x0800062e   0x00000024   Code   RO          569    .text               mc_w.l(llsshr.o)
    0x08000652   0x08000652   0x000000ba   Code   RO          572    .text               mf_w.l(depilogue.o)
    0x0800070c   0x0800070c   0x00000004   Code   RO          447    .text.BusFault_Handler  gd32f4xx_it.o
    0x08000710   0x08000710   0x0000007c   Code   RO          467    .text.DMA_config    usart.o
    0x0800078c   0x0800078c   0x00000004   Code   RO          453    .text.DebugMon_Handler  gd32f4xx_it.o
    0x08000790   0x08000790   0x00000004   Code   RO          443    .text.HardFault_Handler  gd32f4xx_it.o
    0x08000794   0x08000794   0x00000004   Code   RO          445    .text.MemManage_Handler  gd32f4xx_it.o
    0x08000798   0x08000798   0x00000004   Code   RO          441    .text.NMI_Handler   gd32f4xx_it.o
    0x0800079c   0x0800079c   0x00000004   Code   RO          455    .text.PendSV_Handler  gd32f4xx_it.o
    0x080007a0   0x080007a0   0x00000026   Code   RO          469    .text.QUEUE_POS_init  usart.o
    0x080007c6   0x080007c6   0x00000002   PAD
    0x080007c8   0x080007c8   0x00000004   Code   RO          451    .text.SVC_Handler   gd32f4xx_it.o
    0x080007cc   0x080007cc   0x00000002   Code   RO          457    .text.SysTick_Handler  gd32f4xx_it.o
    0x080007ce   0x080007ce   0x00000002   PAD
    0x080007d0   0x080007d0   0x000000fa   Code   RO            2    .text.SystemInit    system_gd32f4xx.o
    0x080008ca   0x080008ca   0x00000002   PAD
    0x080008cc   0x080008cc   0x00000138   Code   RO          439    .text.USART0_IRQHandler  gd32f4xx_it.o
    0x08000a04   0x08000a04   0x00000004   Code   RO          449    .text.UsageFault_Handler  gd32f4xx_it.o
    0x08000a08   0x08000a08   0x00000022   Code   RO          394    .text.dma_channel_disable  gd32f4xx_dma.o
    0x08000a2a   0x08000a2a   0x00000002   PAD
    0x08000a2c   0x08000a2c   0x00000022   Code   RO          392    .text.dma_channel_enable  gd32f4xx_dma.o
    0x08000a4e   0x08000a4e   0x00000002   PAD
    0x08000a50   0x08000a50   0x00000048   Code   RO          402    .text.dma_channel_subperipheral_select  gd32f4xx_dma.o
    0x08000a98   0x08000a98   0x000000de   Code   RO          356    .text.dma_deinit    gd32f4xx_dma.o
    0x08000b76   0x08000b76   0x00000002   PAD
    0x08000b78   0x08000b78   0x00000066   Code   RO          420    .text.dma_interrupt_flag_clear  gd32f4xx_dma.o
    0x08000bde   0x08000bde   0x00000002   PAD
    0x08000be0   0x08000be0   0x00000042   Code   RO          368    .text.dma_memory_address_config  gd32f4xx_dma.o
    0x08000c22   0x08000c22   0x00000002   PAD
    0x08000c24   0x08000c24   0x00000174   Code   RO          362    .text.dma_single_data_mode_init  gd32f4xx_dma.o
    0x08000d98   0x08000d98   0x00000030   Code   RO          358    .text.dma_single_data_para_struct_init  gd32f4xx_dma.o
    0x08000dc8   0x08000dc8   0x00000020   Code   RO          370    .text.dma_transfer_number_config  gd32f4xx_dma.o
    0x08000de8   0x08000de8   0x0000001c   Code   RO          372    .text.dma_transfer_number_get  gd32f4xx_dma.o
    0x08000e04   0x08000e04   0x000000d4   Code   RO           50    .text.gpio_af_set   gd32f4xx_gpio.o
    0x08000ed8   0x08000ed8   0x0000009c   Code   RO           30    .text.gpio_mode_set  gd32f4xx_gpio.o
    0x08000f74   0x08000f74   0x00000092   Code   RO           32    .text.gpio_output_options_set  gd32f4xx_gpio.o
    0x08001006   0x08001006   0x00000002   PAD
    0x08001008   0x08001008   0x0000010a   Code   RO          429    .text.main          main.o
    0x08001112   0x08001112   0x00000002   PAD
    0x08001114   0x08001114   0x0000012a   Code   RO           67    .text.nvic_irq_enable  gd32f4xx_misc.o
    0x0800123e   0x0800123e   0x00000002   PAD
    0x08001240   0x08001240   0x0000001c   Code   RO           65    .text.nvic_priority_group_set  gd32f4xx_misc.o
    0x0800125c   0x0800125c   0x00000162   Code   RO          218    .text.rcu_clock_freq_get  gd32f4xx_rcu.o
    0x080013be   0x080013be   0x00000002   PAD
    0x080013c0   0x080013c0   0x00000028   Code   RO          140    .text.rcu_periph_clock_enable  gd32f4xx_rcu.o
    0x080013e8   0x080013e8   0x00000028   Code   RO          150    .text.rcu_periph_reset_disable  gd32f4xx_rcu.o
    0x08001410   0x08001410   0x00000028   Code   RO          148    .text.rcu_periph_reset_enable  gd32f4xx_rcu.o
    0x08001438   0x08001438   0x00000168   Code   RO            8    .text.system_clock_168m_8m_hxtal  system_gd32f4xx.o
    0x080015a0   0x080015a0   0x00000008   Code   RO            4    .text.system_clock_config  system_gd32f4xx.o
    0x080015a8   0x080015a8   0x00000070   Code   RO          475    .text.u0_printf     usart.o
    0x08001618   0x08001618   0x00000158   Code   RO          241    .text.usart_baudrate_set  gd32f4xx_usart.o
    0x08001770   0x08001770   0x00000010   Code   RO          273    .text.usart_data_receive  gd32f4xx_usart.o
    0x08001780   0x08001780   0x00000018   Code   RO          271    .text.usart_data_transmit  gd32f4xx_usart.o
    0x08001798   0x08001798   0x0000011e   Code   RO          239    .text.usart_deinit  gd32f4xx_usart.o
    0x080018b6   0x080018b6   0x00000002   PAD
    0x080018b8   0x080018b8   0x00000022   Code   RO          333    .text.usart_dma_receive_config  gd32f4xx_usart.o
    0x080018da   0x080018da   0x00000002   PAD
    0x080018dc   0x080018dc   0x00000012   Code   RO          249    .text.usart_enable  gd32f4xx_usart.o
    0x080018ee   0x080018ee   0x00000002   PAD
    0x080018f0   0x080018f0   0x0000003a   Code   RO          337    .text.usart_flag_get  gd32f4xx_usart.o
    0x0800192a   0x0800192a   0x00000002   PAD
    0x0800192c   0x0800192c   0x000000e4   Code   RO          471    .text.usart_init    usart.o
    0x08001a10   0x08001a10   0x00000024   Code   RO          341    .text.usart_interrupt_enable  gd32f4xx_usart.o
    0x08001a34   0x08001a34   0x0000005e   Code   RO          345    .text.usart_interrupt_flag_get  gd32f4xx_usart.o
    0x08001a92   0x08001a92   0x00000002   PAD
    0x08001a94   0x08001a94   0x0000001e   Code   RO          243    .text.usart_parity_config  gd32f4xx_usart.o
    0x08001ab2   0x08001ab2   0x00000002   PAD
    0x08001ab4   0x08001ab4   0x0000002a   Code   RO          255    .text.usart_receive_config  gd32f4xx_usart.o
    0x08001ade   0x08001ade   0x00000002   PAD
    0x08001ae0   0x08001ae0   0x00000032   Code   RO          473    .text.usart_send_byte  usart.o
    0x08001b12   0x08001b12   0x00000002   PAD
    0x08001b14   0x08001b14   0x0000001e   Code   RO          247    .text.usart_stop_bit_set  gd32f4xx_usart.o
    0x08001b32   0x08001b32   0x00000002   PAD
    0x08001b34   0x08001b34   0x0000002a   Code   RO          253    .text.usart_transmit_config  gd32f4xx_usart.o
    0x08001b5e   0x08001b5e   0x00000002   PAD
    0x08001b60   0x08001b60   0x0000001e   Code   RO          245    .text.usart_word_length_set  gd32f4xx_usart.o
    0x08001b7e   0x08001b7e   0x00000002   PAD
    0x08001b80   0x08001b80   0x00000024   Code   RO          498    i.__0vsprintf       mc_w.l(printfa.o)
    0x08001ba4   0x08001ba4   0x0000000e   Code   RO          576    i.__scatterload_copy  mc_w.l(handlers.o)
    0x08001bb2   0x08001bb2   0x00000002   Code   RO          577    i.__scatterload_null  mc_w.l(handlers.o)
    0x08001bb4   0x08001bb4   0x0000000e   Code   RO          578    i.__scatterload_zeroinit  mc_w.l(handlers.o)
    0x08001bc2   0x08001bc2   0x00000002   PAD
    0x08001bc4   0x08001bc4   0x00000184   Code   RO          499    i._fp_digits        mc_w.l(printfa.o)
    0x08001d48   0x08001d48   0x000006dc   Code   RO          500    i._printf_core      mc_w.l(printfa.o)
    0x08002424   0x08002424   0x00000024   Code   RO          501    i._printf_post_padding  mc_w.l(printfa.o)
    0x08002448   0x08002448   0x0000002e   Code   RO          502    i._printf_pre_padding  mc_w.l(printfa.o)
    0x08002476   0x08002476   0x0000000a   Code   RO          504    i._sputc            mc_w.l(printfa.o)
    0x08002480   0x08002480   0x00000030   Data   RO          431    .rodata.str1.1      main.o
    0x080024b0   0x080024b0   0x0000000c   Data   RO          459    .rodata.str1.1      gd32f4xx_it.o
    0x080024bc   0x080024bc   0x00000010   Data   RO          575    Region$$Table       anon$$obj.o


    Execution Region RW_IRAM1 (Exec base: 0x20000000, Load base: 0x080024cc, Size: 0x00001460, Max: 0x00020000, ABSOLUTE)

    Exec Addr    Load Addr    Size         Type   Attr      Idx    E Section Name        Object

    0x20000000        -       0x00000060   Zero   RW          478    .bss.qp             usart.o
    0x20000060        -       0x00000800   Zero   RW          477    .bss.rx_buff        usart.o
    0x20000860        -       0x00000800   Zero   RW          479    .bss.tx_buff        usart.o
    0x20001060        -       0x00000400   Zero   RW           18    STACK               startup_gd32f407_427.o


==============================================================================

Image component sizes


      Code (inc. data)   RO Data    RW Data    ZI Data      Debug   Object Name

      1010          0          0          0          0       8442   gd32f4xx_dma.o
       514          0          0          0          0       4814   gd32f4xx_gpio.o
       346          0         12          0          0       2132   gd32f4xx_it.o
       326          0          0          0          0       3045   gd32f4xx_misc.o
       474          4          0          0          0      14874   gd32f4xx_rcu.o
      1084          0          0          0          0      11758   gd32f4xx_usart.o
       266          0         48          0          0       1003   main.o
        36          8        392          0       1024        856   startup_gd32f407_427.o
       618          0          0          0          0       2425   system_gd32f4xx.o
       552          0          0          0       4192       6249   usart.o

    ----------------------------------------------------------------------
      5272         12        468          0       5216      55598   Object Totals
         0          0         16          0          0          0   (incl. Generated)
        46          0          0          0          0          0   (incl. Padding)

    ----------------------------------------------------------------------

      Code (inc. data)   RO Data    RW Data    ZI Data      Debug   Library Member Name

         0          0          0          0          0          0   entry.o
         0          0          0          0          0          0   entry10a.o
         0          0          0          0          0          0   entry11a.o
         8          4          0          0          0          0   entry2.o
         4          0          0          0          0          0   entry5.o
         0          0          0          0          0          0   entry7b.o
         0          0          0          0          0          0   entry8b.o
         8          4          0          0          0          0   entry9a.o
        30          0          0          0          0          0   handlers.o
        36          8          0          0          0         68   init.o
         0          0          0          0          0          0   iusefp.o
        30          0          0          0          0         68   llshl.o
        36          0          0          0          0         68   llsshr.o
        32          0          0          0          0         68   llushr.o
      2272         86          0          0          0        516   printfa.o
        14          0          0          0          0         68   strlen.o
        44          0          0          0          0         80   uidiv.o
        98          0          0          0          0         92   uldiv.o
        48          0          0          0          0         68   cdrcmple.o
       334          0          0          0          0        148   dadd.o
       222          0          0          0          0        100   ddiv.o
       186          0          0          0          0        176   depilogue.o
        48          0          0          0          0         68   dfixul.o
       228          0          0          0          0         96   dmul.o

    ----------------------------------------------------------------------
      3680        102          0          0          0       1684   Library Totals
         2          0          0          0          0          0   (incl. Padding)

    ----------------------------------------------------------------------

      Code (inc. data)   RO Data    RW Data    ZI Data      Debug   Library Name

      2612        102          0          0          0       1028   mc_w.l
      1066          0          0          0          0        656   mf_w.l

    ----------------------------------------------------------------------
      3680        102          0          0          0       1684   Library Totals

    ----------------------------------------------------------------------

==============================================================================


      Code (inc. data)   RO Data    RW Data    ZI Data      Debug   

      8952        114        468          0       5216      56494   Grand Totals
      8952        114        468          0       5216      56494   ELF Image Totals
      8952        114        468          0          0          0   ROM Totals

==============================================================================

    Total RO  Size (Code + RO Data)                 9420 (   9.20kB)
    Total RW  Size (RW Data + ZI Data)              5216 (   5.09kB)
    Total ROM Size (Code + RO Data + RW Data)       9420 (   9.20kB)

==============================================================================

